2025-09-29 07:59:43,409 - Knowledge - INFO - Redis support added with prefix knowledge:b61073k:
2025-09-29 07:59:43,697 - Knowledge - INFO - load persisted knowledge: begin
2025-09-29 07:59:43,777 - Knowledge - INFO - load persisted knowledge: end
2025-09-29 07:59:43,889 - Knowledge - INFO - load persisted docinfo: begin
2025-09-29 07:59:43,984 - Knowledge - INFO - load persisted docinfo: end
2025-09-29 07:59:44,119 - Knowledge - INFO - worker kw1 created with dedicated MongoDB connection (total: 1)
2025-09-29 07:59:44,235 - Knowledge - INFO - knowledge worker kw1 start
2025-09-29 07:59:44,237 - Knowledge - INFO - worker kw2 created with dedicated MongoDB connection (total: 2)
2025-09-29 07:59:44,357 - Knowledge - INFO - worker kw1 pull /app/data/kaviademo4200/2918/b61073k/library-management-system-2918/app.py from ingest queue
2025-09-29 07:59:44,437 - Knowledge - INFO - knowledge worker kw2 start
2025-09-29 07:59:44,438 - Knowledge - INFO - worker kw3 created with dedicated MongoDB connection (total: 3)
2025-09-29 07:59:44,580 - Knowledge - INFO - process ingested knowledge for /app/data/kaviademo4200/2918/b61073k/library-management-system-2918/app.py
2025-09-29 07:59:44,640 - Knowledge - INFO - worker kw2 pull /app/data/kaviademo4200/2918/b61073k/library-management-system-2918/static/home.css from ingest queue
2025-09-29 07:59:44,752 - Knowledge - INFO - knowledge worker kw3 start
2025-09-29 07:59:44,753 - Knowledge - INFO - worker kw4 created with dedicated MongoDB connection (total: 4)
2025-09-29 07:59:44,863 - Knowledge - INFO - Found code-base-name: https://github.com/kavia-common/library-management-system-2918.git:kavia-master
2025-09-29 07:59:44,963 - Knowledge - INFO - process ingested knowledge for /app/data/kaviademo4200/2918/b61073k/library-management-system-2918/static/home.css
2025-09-29 07:59:45,040 - Knowledge - INFO - worker kw3 pull /app/data/kaviademo4200/2918/b61073k/library-management-system-2918/static/style.css from ingest queue
2025-09-29 07:59:45,136 - Knowledge - INFO - knowledge worker kw4 start
2025-09-29 07:59:45,138 - Knowledge - INFO - worker kw5 created with dedicated MongoDB connection (total: 5)
2025-09-29 07:59:45,257 - Knowledge - INFO - Found code_base: <app.utils.kg_build.knowledge.KnowledgeCodeBase object at 0x7fc5629ccbd0>
2025-09-29 07:59:45,338 - Knowledge - INFO - Found code-base-name: https://github.com/kavia-common/library-management-system-2918.git:kavia-master
2025-09-29 07:59:45,449 - Knowledge - INFO - process ingested knowledge for /app/data/kaviademo4200/2918/b61073k/library-management-system-2918/static/style.css
2025-09-29 07:59:45,540 - Knowledge - INFO - worker kw4 pull /app/data/kaviademo4200/2918/b61073k/library-management-system-2918/static/bootstrap.min.css from ingest queue
2025-09-29 07:59:45,650 - Knowledge - INFO - knowledge worker kw5 start
2025-09-29 07:59:45,653 - Knowledge - INFO - worker kw6 created with dedicated MongoDB connection (total: 6)
2025-09-29 07:59:45,761 - Knowledge - INFO - persist ingested knowledge for /app/data/kaviademo4200/2918/b61073k/library-management-system-2918/app.py
2025-09-29 07:59:45,876 - Knowledge - INFO - Found code_base: <app.utils.kg_build.knowledge.KnowledgeCodeBase object at 0x7fc5629ccbd0>
2025-09-29 07:59:45,969 - Knowledge - INFO - Found code-base-name: https://github.com/kavia-common/library-management-system-2918.git:kavia-master
2025-09-29 07:59:46,110 - Knowledge - INFO - process ingested knowledge for /app/data/kaviademo4200/2918/b61073k/library-management-system-2918/static/bootstrap.min.css
2025-09-29 07:59:46,156 - Knowledge - INFO - worker kw5 pull /app/data/kaviademo4200/2918/b61073k/library-management-system-2918/Models/AdminDAO.py from ingest queue
2025-09-29 07:59:46,250 - Knowledge - INFO - knowledge worker kw6 start
2025-09-29 07:59:46,252 - Knowledge - INFO - worker kw7 created with dedicated MongoDB connection (total: 7)
2025-09-29 07:59:46,390 - Knowledge - INFO - adding /app/data/kaviademo4200/2918/b61073k/library-management-system-2918/app.py to ingest queue
2025-09-29 07:59:46,457 - Knowledge - INFO - persist ingested knowledge for /app/data/kaviademo4200/2918/b61073k/library-management-system-2918/static/home.css
2025-09-29 07:59:46,553 - Knowledge - INFO - Found code_base: <app.utils.kg_build.knowledge.KnowledgeCodeBase object at 0x7fc5629ccbd0>
2025-09-29 07:59:46,776 - Knowledge - INFO - process ingested knowledge for /app/data/kaviademo4200/2918/b61073k/library-management-system-2918/Models/AdminDAO.py
2025-09-29 07:59:46,966 - Knowledge - INFO - knowledge worker kw7 start
2025-09-29 07:59:46,968 - Knowledge - INFO - worker kw8 created with dedicated MongoDB connection (total: 8)
2025-09-29 07:59:47,086 - Knowledge - INFO - Found code-base-name: https://github.com/kavia-common/library-management-system-2918.git:kavia-master
2025-09-29 07:59:47,088 - Knowledge - INFO - worker kw6 pull /app/data/kaviademo4200/2918/b61073k/library-management-system-2918/Models/UserDAO.py from ingest queue
2025-09-29 07:59:47,088 - Knowledge - INFO - worker kw1 pull /app/data/kaviademo4200/2918/b61073k/library-management-system-2918/Models/BookDAO.py from ingest queue
2025-09-29 07:59:47,260 - Knowledge - INFO - adding /app/data/kaviademo4200/2918/b61073k/library-management-system-2918/static/home.css to ingest queue
2025-09-29 07:59:47,309 - Knowledge - INFO - persist ingested knowledge for /app/data/kaviademo4200/2918/b61073k/library-management-system-2918/static/style.css
2025-09-29 07:59:47,604 - Knowledge - INFO - knowledge worker kw8 start
2025-09-29 07:59:47,605 - Knowledge - INFO - worker kw9 created with dedicated MongoDB connection (total: 9)
2025-09-29 07:59:47,725 - Knowledge - INFO - Found code_base: <app.utils.kg_build.knowledge.KnowledgeCodeBase object at 0x7fc5629ccbd0>
2025-09-29 07:59:48,393 - Knowledge - INFO - persist ingested knowledge for /app/data/kaviademo4200/2918/b61073k/library-management-system-2918/static/bootstrap.min.css
2025-09-29 07:59:47,943 - Knowledge - INFO - process ingested knowledge for /app/data/kaviademo4200/2918/b61073k/library-management-system-2918/Models/BookDAO.py
2025-09-29 07:59:47,991 - Knowledge - INFO - Found code-base-name: https://github.com/kavia-common/library-management-system-2918.git:kavia-master
2025-09-29 07:59:47,991 - Knowledge - INFO - worker kw7 pull /app/data/kaviademo4200/2918/b61073k/library-management-system-2918/Models/DBDAO.py from ingest queue
2025-09-29 07:59:47,991 - Knowledge - INFO - worker kw2 pull /app/data/kaviademo4200/2918/b61073k/library-management-system-2918/Models/DB.py from ingest queue
2025-09-29 07:59:48,120 - Knowledge - INFO - adding /app/data/kaviademo4200/2918/b61073k/library-management-system-2918/static/style.css to ingest queue
2025-09-29 07:59:48,251 - Knowledge - INFO - knowledge worker kw9 start
2025-09-29 07:59:48,252 - Knowledge - INFO - worker kw10 created with dedicated MongoDB connection (total: 10)
2025-09-29 07:59:47,827 - Knowledge - INFO - process ingested knowledge for /app/data/kaviademo4200/2918/b61073k/library-management-system-2918/Models/UserDAO.py
2025-09-29 07:59:48,686 - Knowledge - INFO - Found code_base: <app.utils.kg_build.knowledge.KnowledgeCodeBase object at 0x7fc5629ccbd0>
2025-09-29 07:59:48,816 - Knowledge - INFO - process ingested knowledge for /app/data/kaviademo4200/2918/b61073k/library-management-system-2918/Models/DBDAO.py
2025-09-29 07:59:48,927 - Knowledge - INFO - process ingested knowledge for /app/data/kaviademo4200/2918/b61073k/library-management-system-2918/Models/DB.py
2025-09-29 07:59:48,988 - Knowledge - INFO - worker kw8 pull /app/data/kaviademo4200/2918/b61073k/library-management-system-2918/Models/DAO.py from ingest queue
2025-09-29 07:59:49,038 - Knowledge - INFO - Found code-base-name: https://github.com/kavia-common/library-management-system-2918.git:kavia-master
2025-09-29 07:59:49,038 - Knowledge - INFO - worker kw3 pull /app/data/kaviademo4200/2918/b61073k/library-management-system-2918/Misc/functions.py from ingest queue
2025-09-29 07:59:49,038 - Knowledge - INFO - adding /app/data/kaviademo4200/2918/b61073k/library-management-system-2918/static/bootstrap.min.css to ingest queue
2025-09-29 07:59:49,172 - Knowledge - INFO - knowledge worker kw10 start
2025-09-29 07:59:49,174 - Knowledge - INFO - worker kw11 created with dedicated MongoDB connection (total: 11)
2025-09-29 07:59:49,405 - Knowledge - INFO - persist ingested knowledge for /app/data/kaviademo4200/2918/b61073k/library-management-system-2918/Models/AdminDAO.py
2025-09-29 07:59:49,685 - Knowledge - INFO - process ingested knowledge for /app/data/kaviademo4200/2918/b61073k/library-management-system-2918/Models/DAO.py
2025-09-29 07:59:49,739 - Knowledge - INFO - Found code_base: <app.utils.kg_build.knowledge.KnowledgeCodeBase object at 0x7fc5629ccbd0>
2025-09-29 07:59:49,876 - Knowledge - INFO - process ingested knowledge for /app/data/kaviademo4200/2918/b61073k/library-management-system-2918/Misc/functions.py
2025-09-29 07:59:49,962 - Knowledge - INFO - worker kw9 pull /app/data/kaviademo4200/2918/b61073k/library-management-system-2918/routes/admin.py from ingest queue
2025-09-29 07:59:49,964 - Knowledge - INFO - Found code-base-name: https://github.com/kavia-common/library-management-system-2918.git:kavia-master
2025-09-29 07:59:49,964 - Knowledge - INFO - Found code-base-name: https://github.com/kavia-common/library-management-system-2918.git:kavia-master
2025-09-29 07:59:49,964 - Knowledge - INFO - Found code-base-name: https://github.com/kavia-common/library-management-system-2918.git:kavia-master
2025-09-29 07:59:49,964 - Knowledge - INFO - worker kw4 pull /app/data/kaviademo4200/2918/b61073k/library-management-system-2918/routes/book.py from ingest queue
2025-09-29 07:59:50,063 - Knowledge - INFO - worker kw10 pull /app/data/kaviademo4200/2918/b61073k/library-management-system-2918/routes/user.py from ingest queue
2025-09-29 07:59:50,145 - Knowledge - INFO - knowledge worker kw11 start
2025-09-29 07:59:50,147 - Knowledge - INFO - worker kw12 created with dedicated MongoDB connection (total: 12)
2025-09-29 07:59:50,320 - Knowledge - INFO - adding /app/data/kaviademo4200/2918/b61073k/library-management-system-2918/Models/AdminDAO.py to ingest queue
2025-09-29 07:59:50,526 - Knowledge - INFO - persist ingested knowledge for /app/data/kaviademo4200/2918/b61073k/library-management-system-2918/Models/BookDAO.py
2025-09-29 07:59:50,727 - Knowledge - INFO - process ingested knowledge for /app/data/kaviademo4200/2918/b61073k/library-management-system-2918/routes/admin.py
2025-09-29 07:59:50,809 - Knowledge - INFO - Found code_base: <app.utils.kg_build.knowledge.KnowledgeCodeBase object at 0x7fc5629ccbd0>
2025-09-29 07:59:50,882 - Knowledge - INFO - Found code_base: <app.utils.kg_build.knowledge.KnowledgeCodeBase object at 0x7fc5629ccbd0>
2025-09-29 07:59:50,963 - Knowledge - INFO - Found code_base: <app.utils.kg_build.knowledge.KnowledgeCodeBase object at 0x7fc5629ccbd0>
2025-09-29 07:59:51,068 - Knowledge - INFO - process ingested knowledge for /app/data/kaviademo4200/2918/b61073k/library-management-system-2918/routes/book.py
2025-09-29 07:59:51,179 - Knowledge - INFO - process ingested knowledge for /app/data/kaviademo4200/2918/b61073k/library-management-system-2918/routes/user.py
2025-09-29 07:59:51,330 - Knowledge - INFO - knowledge worker kw12 start
2025-09-29 07:59:51,332 - Knowledge - INFO - worker kw13 created with dedicated MongoDB connection (total: 13)
2025-09-29 07:59:51,421 - Knowledge - INFO - Found code-base-name: https://github.com/kavia-common/library-management-system-2918.git:kavia-master
2025-09-29 07:59:51,422 - Knowledge - INFO - Found code-base-name: https://github.com/kavia-common/library-management-system-2918.git:kavia-master
2025-09-29 07:59:51,423 - Knowledge - INFO - worker kw11 pull /app/data/kaviademo4200/2918/b61073k/library-management-system-2918/requirements.txt from ingest queue
2025-09-29 07:59:51,423 - Knowledge - INFO - worker kw5 pull /app/data/kaviademo4200/2918/b61073k/library-management-system-2918/db/lms.sql from ingest queue
2025-09-29 07:59:51,586 - Knowledge - INFO - adding /app/data/kaviademo4200/2918/b61073k/library-management-system-2918/Models/BookDAO.py to ingest queue
2025-09-29 07:59:51,713 - Knowledge - INFO - persist ingested knowledge for /app/data/kaviademo4200/2918/b61073k/library-management-system-2918/Models/UserDAO.py
2025-09-29 07:59:51,815 - Knowledge - INFO - persist ingested knowledge for /app/data/kaviademo4200/2918/b61073k/library-management-system-2918/Models/DBDAO.py
2025-09-29 07:59:51,927 - Knowledge - INFO - persist ingested knowledge for /app/data/kaviademo4200/2918/b61073k/library-management-system-2918/Models/DB.py
2025-09-29 07:59:52,532 - Knowledge - INFO - knowledge worker kw13 start
2025-09-29 07:59:52,534 - Knowledge - INFO - worker kw14 created with dedicated MongoDB connection (total: 14)
2025-09-29 07:59:52,604 - Knowledge - INFO - Found code_base: <app.utils.kg_build.knowledge.KnowledgeCodeBase object at 0x7fc5629ccbd0>
2025-09-29 07:59:52,696 - Knowledge - INFO - Found code_base: <app.utils.kg_build.knowledge.KnowledgeCodeBase object at 0x7fc5629ccbd0>
2025-09-29 07:59:52,839 - Knowledge - INFO - process ingested knowledge for /app/data/kaviademo4200/2918/b61073k/library-management-system-2918/requirements.txt
2025-09-29 07:59:52,961 - Knowledge - INFO - process ingested knowledge for /app/data/kaviademo4200/2918/b61073k/library-management-system-2918/db/lms.sql
2025-09-29 07:59:53,027 - Knowledge - INFO - Found code-base-name: https://github.com/kavia-common/library-management-system-2918.git:kavia-master
2025-09-29 07:59:53,028 - Knowledge - INFO - Found code-base-name: https://github.com/kavia-common/library-management-system-2918.git:kavia-master
2025-09-29 07:59:53,028 - Knowledge - INFO - Found code-base-name: https://github.com/kavia-common/library-management-system-2918.git:kavia-master
2025-09-29 07:59:53,029 - Knowledge - INFO - worker kw12 pull /app/data/kaviademo4200/2918/b61073k/library-management-system-2918/App/Actor.py from ingest queue
2025-09-29 07:59:53,029 - Knowledge - INFO - worker kw1 pull /app/data/kaviademo4200/2918/b61073k/library-management-system-2918/App/Admin.py from ingest queue
2025-09-29 07:59:53,204 - Knowledge - INFO - adding /app/data/kaviademo4200/2918/b61073k/library-management-system-2918/Models/UserDAO.py to ingest queue
2025-09-29 07:59:53,503 - Knowledge - INFO - knowledge worker kw14 start
2025-09-29 07:59:53,505 - Knowledge - INFO - worker kw15 created with dedicated MongoDB connection (total: 15)
2025-09-29 07:59:53,605 - Knowledge - INFO - persist ingested knowledge for /app/data/kaviademo4200/2918/b61073k/library-management-system-2918/Models/DAO.py
2025-09-29 07:59:53,715 - Knowledge - INFO - persist ingested knowledge for /app/data/kaviademo4200/2918/b61073k/library-management-system-2918/Misc/functions.py
2025-09-29 07:59:54,030 - Knowledge - INFO - Found code_base: <app.utils.kg_build.knowledge.KnowledgeCodeBase object at 0x7fc5629ccbd0>
2025-09-29 07:59:54,120 - Knowledge - INFO - Found code_base: <app.utils.kg_build.knowledge.KnowledgeCodeBase object at 0x7fc5629ccbd0>
2025-09-29 07:59:54,226 - Knowledge - INFO - Found code_base: <app.utils.kg_build.knowledge.KnowledgeCodeBase object at 0x7fc5629ccbd0>
2025-09-29 07:59:54,352 - Knowledge - INFO - process ingested knowledge for /app/data/kaviademo4200/2918/b61073k/library-management-system-2918/App/Actor.py
2025-09-29 07:59:54,448 - Knowledge - INFO - process ingested knowledge for /app/data/kaviademo4200/2918/b61073k/library-management-system-2918/App/Admin.py
2025-09-29 07:59:54,584 - Knowledge - INFO - worker kw13 pull /app/data/kaviademo4200/2918/b61073k/library-management-system-2918/App/User.py from ingest queue
2025-09-29 07:59:54,584 - Knowledge - INFO - Found code-base-name: https://github.com/kavia-common/library-management-system-2918.git:kavia-master
2025-09-29 07:59:54,584 - Knowledge - INFO - Found code-base-name: https://github.com/kavia-common/library-management-system-2918.git:kavia-master
2025-09-29 07:59:54,585 - Knowledge - INFO - worker kw6 pull /app/data/kaviademo4200/2918/b61073k/library-management-system-2918/App/Books.py from ingest queue
2025-09-29 07:59:54,585 - Knowledge - INFO - worker kw14 pull /app/data/kaviademo4200/2918/b61073k/library-management-system-2918/README.md from ingest queue
2025-09-29 07:59:54,585 - Knowledge - INFO - adding /app/data/kaviademo4200/2918/b61073k/library-management-system-2918/Models/DB.py to ingest queue
2025-09-29 07:59:54,657 - Knowledge - INFO - knowledge worker kw15 start
2025-09-29 07:59:54,659 - Knowledge - INFO - worker kw16 created with dedicated MongoDB connection (total: 16)
2025-09-29 07:59:54,950 - Knowledge - INFO - persist ingested knowledge for /app/data/kaviademo4200/2918/b61073k/library-management-system-2918/routes/admin.py
2025-09-29 07:59:55,041 - Knowledge - INFO - persist ingested knowledge for /app/data/kaviademo4200/2918/b61073k/library-management-system-2918/routes/book.py
2025-09-29 07:59:55,113 - Knowledge - INFO - persist ingested knowledge for /app/data/kaviademo4200/2918/b61073k/library-management-system-2918/routes/user.py
2025-09-29 07:59:55,422 - Knowledge - INFO - process ingested knowledge for /app/data/kaviademo4200/2918/b61073k/library-management-system-2918/App/User.py
2025-09-29 07:59:55,515 - Knowledge - INFO - Found code_base: <app.utils.kg_build.knowledge.KnowledgeCodeBase object at 0x7fc5629ccbd0>
2025-09-29 07:59:55,616 - Knowledge - INFO - Found code_base: <app.utils.kg_build.knowledge.KnowledgeCodeBase object at 0x7fc5629ccbd0>
2025-09-29 07:59:55,740 - Knowledge - INFO - process ingested knowledge for /app/data/kaviademo4200/2918/b61073k/library-management-system-2918/App/Books.py
2025-09-29 07:59:55,829 - Knowledge - INFO - process ingested knowledge for /app/data/kaviademo4200/2918/b61073k/library-management-system-2918/README.md
2025-09-29 07:59:55,892 - Knowledge - INFO - adding /app/data/kaviademo4200/2918/b61073k/library-management-system-2918/Models/DBDAO.py to ingest queue
2025-09-29 07:59:56,098 - Knowledge - INFO - knowledge worker kw16 start
2025-09-29 07:59:56,101 - Knowledge - INFO - worker kw17 created with dedicated MongoDB connection (total: 17)
2025-09-29 07:59:56,576 - Knowledge - INFO - persist ingested knowledge for /app/data/kaviademo4200/2918/b61073k/library-management-system-2918/requirements.txt
2025-09-29 07:59:56,694 - Knowledge - INFO - persist ingested knowledge for /app/data/kaviademo4200/2918/b61073k/library-management-system-2918/db/lms.sql
2025-09-29 07:59:57,144 - Knowledge - INFO - Found code-base-name: https://github.com/kavia-common/library-management-system-2918.git:kavia-master
2025-09-29 07:59:57,144 - Knowledge - INFO - Found code-base-name: https://github.com/kavia-common/library-management-system-2918.git:kavia-master
2025-09-29 07:59:57,144 - Knowledge - INFO - worker kw2 pull /app/data/kaviademo4200/2918/b61073k/library-management-system-2918/info.md from ingest queue
2025-09-29 07:59:57,144 - Knowledge - INFO - worker kw15 pull /app/data/kaviademo4200/2918/b61073k/library-management-system-2918/Controllers/UserManager.py from ingest queue
2025-09-29 07:59:57,236 - Knowledge - INFO - Found code-base-name: https://github.com/kavia-common/library-management-system-2918.git:kavia-master
2025-09-29 07:59:57,236 - Knowledge - INFO - Found code-base-name: https://github.com/kavia-common/library-management-system-2918.git:kavia-master
2025-09-29 07:59:57,236 - Knowledge - INFO - Found code-base-name: https://github.com/kavia-common/library-management-system-2918.git:kavia-master
2025-09-29 07:59:57,236 - Knowledge - INFO - worker kw7 pull /app/data/kaviademo4200/2918/b61073k/library-management-system-2918/Controllers/BookManager.py from ingest queue
2025-09-29 07:59:57,236 - Knowledge - INFO - adding /app/data/kaviademo4200/2918/b61073k/library-management-system-2918/Models/DAO.py to ingest queue
2025-09-29 07:59:57,269 - Knowledge - INFO - knowledge worker kw17 start
2025-09-29 07:59:57,271 - Knowledge - INFO - worker kw18 created with dedicated MongoDB connection (total: 18)
2025-09-29 07:59:57,585 - Knowledge - INFO - Found code_base: <app.utils.kg_build.knowledge.KnowledgeCodeBase object at 0x7fc5629ccbd0>
2025-09-29 07:59:57,696 - Knowledge - INFO - Found code_base: <app.utils.kg_build.knowledge.KnowledgeCodeBase object at 0x7fc5629ccbd0>
2025-09-29 07:59:57,815 - Knowledge - INFO - process ingested knowledge for /app/data/kaviademo4200/2918/b61073k/library-management-system-2918/info.md
2025-09-29 07:59:58,166 - Knowledge - INFO - process ingested knowledge for /app/data/kaviademo4200/2918/b61073k/library-management-system-2918/Controllers/UserManager.py
2025-09-29 07:59:58,274 - Knowledge - INFO - Found code_base: <app.utils.kg_build.knowledge.KnowledgeCodeBase object at 0x7fc5629ccbd0>
2025-09-29 07:59:58,383 - Knowledge - INFO - Found code_base: <app.utils.kg_build.knowledge.KnowledgeCodeBase object at 0x7fc5629ccbd0>
2025-09-29 07:59:58,494 - Knowledge - INFO - Found code_base: <app.utils.kg_build.knowledge.KnowledgeCodeBase object at 0x7fc5629ccbd0>
2025-09-29 07:59:58,603 - Knowledge - INFO - process ingested knowledge for /app/data/kaviademo4200/2918/b61073k/library-management-system-2918/Controllers/BookManager.py
2025-09-29 07:59:58,689 - Knowledge - INFO - adding /app/data/kaviademo4200/2918/b61073k/library-management-system-2918/Misc/functions.py to ingest queue
2025-09-29 07:59:58,878 - Knowledge - INFO - knowledge worker kw18 start
2025-09-29 07:59:58,880 - Knowledge - INFO - worker kw19 created with dedicated MongoDB connection (total: 19)
2025-09-29 07:59:58,950 - Knowledge - INFO - persist ingested knowledge for /app/data/kaviademo4200/2918/b61073k/library-management-system-2918/App/Actor.py
2025-09-29 07:59:59,069 - Knowledge - INFO - persist ingested knowledge for /app/data/kaviademo4200/2918/b61073k/library-management-system-2918/App/Admin.py
2025-09-29 07:59:59,386 - Knowledge - INFO - persist ingested knowledge for /app/data/kaviademo4200/2918/b61073k/library-management-system-2918/App/User.py
2025-09-29 07:59:59,518 - Knowledge - INFO - persist ingested knowledge for /app/data/kaviademo4200/2918/b61073k/library-management-system-2918/App/Books.py
2025-09-29 07:59:59,618 - Knowledge - INFO - persist ingested knowledge for /app/data/kaviademo4200/2918/b61073k/library-management-system-2918/README.md
2025-09-29 07:59:59,814 - Knowledge - INFO - adding /app/data/kaviademo4200/2918/b61073k/library-management-system-2918/routes/book.py to ingest queue
2025-09-29 07:59:59,943 - Knowledge - INFO - knowledge worker kw19 start
2025-09-29 07:59:59,949 - Knowledge - INFO - worker kw20 created with dedicated MongoDB connection (total: 20)
2025-09-29 08:00:00,593 - Knowledge - INFO - adding /app/data/kaviademo4200/2918/b61073k/library-management-system-2918/routes/user.py to ingest queue
2025-09-29 08:00:00,787 - Knowledge - INFO - knowledge worker kw20 start
2025-09-29 08:00:00,789 - Knowledge - WARNING - High connection count: 21 connections active
2025-09-29 08:00:00,903 - Knowledge - INFO - worker kw16 pull /app/data/kaviademo4200/2918/b61073k/library-management-system-2918/Controllers/AdminManager.py from ingest queue
2025-09-29 08:00:00,996 - Knowledge - INFO - worker kw8 pull /app/data/kaviademo4200/2918/b61073k/library-management-system-2918/templates/book_view.html from ingest queue
2025-09-29 08:00:00,996 - Knowledge - INFO - worker kw17 pull /app/data/kaviademo4200/2918/b61073k/library-management-system-2918/templates/profile.html from ingest queue
2025-09-29 08:00:00,996 - Knowledge - INFO - Found code-base-name: https://github.com/kavia-common/library-management-system-2918.git:kavia-master
2025-09-29 08:00:00,997 - Knowledge - INFO - Found code-base-name: https://github.com/kavia-common/library-management-system-2918.git:kavia-master
2025-09-29 08:00:00,997 - Knowledge - INFO - worker kw3 pull /app/data/kaviademo4200/2918/b61073k/library-management-system-2918/templates/home.html from ingest queue
2025-09-29 08:00:00,997 - Knowledge - INFO - worker kw18 pull /app/data/kaviademo4200/2918/b61073k/library-management-system-2918/templates/books.html from ingest queue
2025-09-29 08:00:01,078 - Knowledge - INFO - worker kw21 created with dedicated MongoDB connection (total: 21)
2025-09-29 08:00:01,195 - Knowledge - INFO - process ingested knowledge for /app/data/kaviademo4200/2918/b61073k/library-management-system-2918/Controllers/AdminManager.py
2025-09-29 08:00:01,236 - Knowledge - INFO - worker kw4 pull /app/data/kaviademo4200/2918/b61073k/library-management-system-2918/templates/admin/home.html from ingest queue
2025-09-29 08:00:01,236 - Knowledge - INFO - worker kw10 pull /app/data/kaviademo4200/2918/b61073k/library-management-system-2918/templates/admin/books/book_view.html from ingest queue
2025-09-29 08:00:01,237 - Knowledge - INFO - Found code-base-name: https://github.com/kavia-common/library-management-system-2918.git:kavia-master
2025-09-29 08:00:01,237 - Knowledge - INFO - adding /app/data/kaviademo4200/2918/b61073k/library-management-system-2918/db/lms.sql to ingest queue
2025-09-29 08:00:01,302 - Knowledge - INFO - process ingested knowledge for /app/data/kaviademo4200/2918/b61073k/library-management-system-2918/templates/book_view.html
2025-09-29 08:00:01,379 - Knowledge - INFO - process ingested knowledge for /app/data/kaviademo4200/2918/b61073k/library-management-system-2918/templates/profile.html
2025-09-29 08:00:01,483 - Knowledge - INFO - Found code_base: <app.utils.kg_build.knowledge.KnowledgeCodeBase object at 0x7fc5629ccbd0>
2025-09-29 08:00:01,592 - Knowledge - INFO - Found code_base: <app.utils.kg_build.knowledge.KnowledgeCodeBase object at 0x7fc5629ccbd0>
2025-09-29 08:00:01,702 - Knowledge - INFO - process ingested knowledge for /app/data/kaviademo4200/2918/b61073k/library-management-system-2918/templates/home.html
2025-09-29 08:00:01,788 - Knowledge - INFO - process ingested knowledge for /app/data/kaviademo4200/2918/b61073k/library-management-system-2918/templates/books.html
2025-09-29 08:00:01,873 - Knowledge - INFO - knowledge worker kw21 start
2025-09-29 08:00:01,875 - Knowledge - WARNING - High connection count: 22 connections active
2025-09-29 08:00:02,060 - Knowledge - INFO - process ingested knowledge for /app/data/kaviademo4200/2918/b61073k/library-management-system-2918/templates/admin/home.html
2025-09-29 08:00:02,167 - Knowledge - INFO - process ingested knowledge for /app/data/kaviademo4200/2918/b61073k/library-management-system-2918/templates/admin/books/book_view.html
2025-09-29 08:00:02,223 - Knowledge - INFO - Found code_base: <app.utils.kg_build.knowledge.KnowledgeCodeBase object at 0x7fc5629ccbd0>
2025-09-29 08:00:02,299 - Knowledge - INFO - adding /app/data/kaviademo4200/2918/b61073k/library-management-system-2918/routes/admin.py to ingest queue
2025-09-29 08:00:02,582 - Knowledge - INFO - persist ingested knowledge for /app/data/kaviademo4200/2918/b61073k/library-management-system-2918/Controllers/UserManager.py
2025-09-29 08:00:02,666 - Knowledge - INFO - persist ingested knowledge for /app/data/kaviademo4200/2918/b61073k/library-management-system-2918/Controllers/BookManager.py
2025-09-29 08:00:03,080 - Knowledge - INFO - worker kw22 created with dedicated MongoDB connection (total: 22)
2025-09-29 08:00:03,345 - Knowledge - INFO - persist ingested knowledge for /app/data/kaviademo4200/2918/b61073k/library-management-system-2918/info.md
2025-09-29 08:00:03,466 - Knowledge - INFO - worker kw20 pull /app/data/kaviademo4200/2918/b61073k/library-management-system-2918/templates/admin/books/add.html from ingest queue
2025-09-29 08:00:03,467 - Knowledge - INFO - adding /app/data/kaviademo4200/2918/b61073k/library-management-system-2918/App/Actor.py to ingest queue
2025-09-29 08:00:03,780 - Knowledge - INFO - knowledge worker kw22 start
2025-09-29 08:00:03,782 - Knowledge - WARNING - High connection count: 23 connections active
2025-09-29 08:00:03,987 - Knowledge - INFO - process ingested knowledge for /app/data/kaviademo4200/2918/b61073k/library-management-system-2918/templates/admin/books/add.html
2025-09-29 08:00:04,066 - Knowledge - INFO - adding /app/data/kaviademo4200/2918/b61073k/library-management-system-2918/App/Admin.py to ingest queue
2025-09-29 08:00:04,283 - Knowledge - INFO - worker kw23 created with dedicated MongoDB connection (total: 23)
2025-09-29 08:00:04,531 - Knowledge - INFO - adding /app/data/kaviademo4200/2918/b61073k/library-management-system-2918/App/User.py to ingest queue
2025-09-29 08:00:04,610 - Knowledge - INFO - knowledge worker kw23 start
2025-09-29 08:00:04,612 - Knowledge - WARNING - High connection count: 24 connections active
2025-09-29 08:00:04,692 - Knowledge - INFO - adding /app/data/kaviademo4200/2918/b61073k/library-management-system-2918/App/Books.py to ingest queue
2025-09-29 08:00:04,892 - Knowledge - INFO - worker kw24 created with dedicated MongoDB connection (total: 24)
2025-09-29 08:00:04,978 - Knowledge - INFO - worker kw19 pull /app/data/kaviademo4200/2918/b61073k/library-management-system-2918/templates/admin/books/views.html from ingest queue
2025-09-29 08:00:04,978 - Knowledge - INFO - adding /app/data/kaviademo4200/2918/b61073k/library-management-system-2918/README.md to ingest queue
2025-09-29 08:00:05,067 - Knowledge - INFO - knowledge worker kw24 start
2025-09-29 08:00:05,068 - Knowledge - WARNING - High connection count: 25 connections active
2025-09-29 08:00:05,172 - Knowledge - INFO - process ingested knowledge for /app/data/kaviademo4200/2918/b61073k/library-management-system-2918/templates/admin/books/views.html
2025-09-29 08:00:05,264 - Knowledge - INFO - adding /app/data/kaviademo4200/2918/b61073k/library-management-system-2918/requirements.txt to ingest queue
2025-09-29 08:00:05,436 - Knowledge - INFO - worker kw25 created with dedicated MongoDB connection (total: 25)
2025-09-29 08:00:05,661 - Knowledge - INFO - Found code-base-name: https://github.com/kavia-common/library-management-system-2918.git:kavia-master
2025-09-29 08:00:05,661 - Knowledge - INFO - worker kw5 pull /app/data/kaviademo4200/2918/b61073k/library-management-system-2918/templates/admin/books/edit.html from ingest queue
2025-09-29 08:00:05,661 - Knowledge - INFO - Found code-base-name: https://github.com/kavia-common/library-management-system-2918.git:kavia-master
2025-09-29 08:00:05,661 - Knowledge - INFO - Found code-base-name: https://github.com/kavia-common/library-management-system-2918.git:kavia-master
2025-09-29 08:00:06,146 - Knowledge - INFO - Found code_base: <app.utils.kg_build.knowledge.KnowledgeCodeBase object at 0x7fc5629ccbd0>
2025-09-29 08:00:05,662 - Knowledge - INFO - worker kw21 pull /app/data/kaviademo4200/2918/b61073k/library-management-system-2918/templates/admin/users.html from ingest queue
2025-09-29 08:00:05,662 - Knowledge - INFO - Found code-base-name: https://github.com/kavia-common/library-management-system-2918.git:kavia-master
2025-09-29 08:00:05,662 - Knowledge - INFO - Found code-base-name: https://github.com/kavia-common/library-management-system-2918.git:kavia-master
2025-09-29 08:00:05,662 - Knowledge - INFO - worker kw9 pull /app/data/kaviademo4200/2918/b61073k/library-management-system-2918/templates/admin/signin.html from ingest queue
2025-09-29 08:00:05,747 - Knowledge - INFO - knowledge worker kw25 start
2025-09-29 08:00:05,749 - Knowledge - WARNING - High connection count: 26 connections active
2025-09-29 08:00:05,755 - Knowledge - INFO - worker kw12 pull /app/data/kaviademo4200/2918/b61073k/library-management-system-2918/templates/signup.html from ingest queue
2025-09-29 08:00:05,755 - Knowledge - INFO - worker kw22 pull /app/data/kaviademo4200/2918/b61073k/library-management-system-2918/templates/signin.html from ingest queue
2025-09-29 08:00:05,755 - Knowledge - INFO - worker kw1 pull /app/data/kaviademo4200/2918/b61073k/library-management-system-2918/templates/shared/layout.html from ingest queue
2025-09-29 08:00:05,755 - Knowledge - INFO - worker kw13 pull /app/data/kaviademo4200/2918/b61073k/library-management-system-2918/templates/shared/admin_layout.html from ingest queue
2025-09-29 08:00:05,755 - Knowledge - INFO - worker kw6 pull /app/data/kaviademo4200/2918/b61073k/library-management-system-2918/templates/welcome.html from ingest queue
2025-09-29 08:00:05,756 - Knowledge - INFO - worker kw24 pull /app/data/kaviademo4200/2918/b61073k/library-management-system-2918/app.py from ingest queue
2025-09-29 08:00:05,756 - Knowledge - INFO - worker kw11 pull /app/data/kaviademo4200/2918/b61073k/library-management-system-2918/static/home.css from ingest queue
2025-09-29 08:00:05,756 - Knowledge - INFO - Found code-base-name: https://github.com/kavia-common/library-management-system-2918.git:kavia-master
2025-09-29 08:00:05,756 - Knowledge - INFO - adding /app/data/kaviademo4200/2918/b61073k/library-management-system-2918/Controllers/UserManager.py to ingest queue
2025-09-29 08:00:05,834 - Knowledge - INFO - Found code_base: <app.utils.kg_build.knowledge.KnowledgeCodeBase object at 0x7fc5629ccbd0>
2025-09-29 08:00:05,941 - Knowledge - INFO - process ingested knowledge for /app/data/kaviademo4200/2918/b61073k/library-management-system-2918/templates/admin/books/edit.html
2025-09-29 08:00:06,018 - Knowledge - INFO - Found code_base: <app.utils.kg_build.knowledge.KnowledgeCodeBase object at 0x7fc5629ccbd0>
2025-09-29 08:00:05,662 - Knowledge - INFO - Found code-base-name: https://github.com/kavia-common/library-management-system-2918.git:kavia-master
2025-09-29 08:00:06,242 - Knowledge - INFO - persist ingested knowledge for /app/data/kaviademo4200/2918/b61073k/library-management-system-2918/templates/home.html
2025-09-29 08:00:06,379 - Knowledge - INFO - process ingested knowledge for /app/data/kaviademo4200/2918/b61073k/library-management-system-2918/templates/admin/users.html
2025-09-29 08:00:06,443 - Knowledge - INFO - Found code_base: <app.utils.kg_build.knowledge.KnowledgeCodeBase object at 0x7fc5629ccbd0>
2025-09-29 08:00:06,526 - Knowledge - INFO - Found code_base: <app.utils.kg_build.knowledge.KnowledgeCodeBase object at 0x7fc5629ccbd0>
2025-09-29 08:00:06,639 - Knowledge - INFO - process ingested knowledge for /app/data/kaviademo4200/2918/b61073k/library-management-system-2918/templates/admin/signin.html
2025-09-29 08:00:06,808 - Knowledge - INFO - worker kw26 created with dedicated MongoDB connection (total: 26)
2025-09-29 08:00:06,922 - Knowledge - INFO - process ingested knowledge for /app/data/kaviademo4200/2918/b61073k/library-management-system-2918/templates/signup.html
2025-09-29 08:00:06,989 - Knowledge - INFO - process ingested knowledge for /app/data/kaviademo4200/2918/b61073k/library-management-system-2918/templates/signin.html
2025-09-29 08:00:07,104 - Knowledge - INFO - process ingested knowledge for /app/data/kaviademo4200/2918/b61073k/library-management-system-2918/templates/shared/layout.html
2025-09-29 08:00:07,215 - Knowledge - INFO - process ingested knowledge for /app/data/kaviademo4200/2918/b61073k/library-management-system-2918/templates/shared/admin_layout.html
2025-09-29 08:00:07,300 - Knowledge - INFO - process ingested knowledge for /app/data/kaviademo4200/2918/b61073k/library-management-system-2918/templates/welcome.html
2025-09-29 08:00:07,356 - Knowledge - INFO - Thread kw24 - File app.py - Remaining files in queue: 19
2025-09-29 08:00:07,475 - Knowledge - INFO - Thread kw11 - File home.css - Remaining files in queue: 19
2025-09-29 08:00:07,556 - Knowledge - INFO - Found code_base: <app.utils.kg_build.knowledge.KnowledgeCodeBase object at 0x7fc5629ccbd0>
2025-09-29 08:00:07,640 - Knowledge - INFO - adding /app/data/kaviademo4200/2918/b61073k/library-management-system-2918/info.md to ingest queue
2025-09-29 08:00:07,720 - Knowledge - INFO - persist ingested knowledge for /app/data/kaviademo4200/2918/b61073k/library-management-system-2918/Controllers/AdminManager.py
2025-09-29 08:00:07,894 - Knowledge - INFO - persist ingested knowledge for /app/data/kaviademo4200/2918/b61073k/library-management-system-2918/templates/profile.html
2025-09-29 08:00:08,007 - Knowledge - INFO - Found code_base: <app.utils.kg_build.knowledge.KnowledgeCodeBase object at 0x7fc5629ccbd0>
2025-09-29 08:00:08,239 - Knowledge - INFO - persist ingested knowledge for /app/data/kaviademo4200/2918/b61073k/library-management-system-2918/templates/admin/home.html
2025-09-29 08:00:08,349 - Knowledge - INFO - persist ingested knowledge for /app/data/kaviademo4200/2918/b61073k/library-management-system-2918/templates/admin/books/book_view.html
2025-09-29 08:00:08,562 - Knowledge - INFO - knowledge worker kw26 start
2025-09-29 08:00:08,565 - Knowledge - WARNING - High connection count: 27 connections active
2025-09-29 08:00:09,159 - Knowledge - INFO - start ingest for /app/data/kaviademo4200/2918/b61073k/library-management-system-2918/app.py
2025-09-29 08:00:09,277 - Knowledge - INFO - start ingest for /app/data/kaviademo4200/2918/b61073k/library-management-system-2918/static/home.css
2025-09-29 08:00:09,363 - Knowledge - INFO - persist ingested knowledge for /app/data/kaviademo4200/2918/b61073k/library-management-system-2918/templates/book_view.html
2025-09-29 08:00:09,484 - Knowledge - INFO - Found code-base-name: https://github.com/kavia-common/library-management-system-2918.git:kavia-master
2025-09-29 08:00:09,485 - Knowledge - INFO - worker kw23 pull /app/data/kaviademo4200/2918/b61073k/library-management-system-2918/static/style.css from ingest queue
2025-09-29 08:00:09,486 - Knowledge - INFO - worker kw14 pull /app/data/kaviademo4200/2918/b61073k/library-management-system-2918/static/bootstrap.min.css from ingest queue
2025-09-29 08:00:09,486 - Knowledge - INFO - Found code-base-name: https://github.com/kavia-common/library-management-system-2918.git:kavia-master
2025-09-29 08:00:09,486 - Knowledge - INFO - worker kw25 pull /app/data/kaviademo4200/2918/b61073k/library-management-system-2918/Models/AdminDAO.py from ingest queue
2025-09-29 08:00:09,486 - Knowledge - INFO - worker kw15 pull /app/data/kaviademo4200/2918/b61073k/library-management-system-2918/Models/BookDAO.py from ingest queue
2025-09-29 08:00:09,487 - Knowledge - INFO - Found code-base-name: https://github.com/kavia-common/library-management-system-2918.git:kavia-master
2025-09-29 08:00:09,487 - Knowledge - INFO - Found code-base-name: https://github.com/kavia-common/library-management-system-2918.git:kavia-master
2025-09-29 08:00:09,487 - Knowledge - INFO - Found code-base-name: https://github.com/kavia-common/library-management-system-2918.git:kavia-master
2025-09-29 08:00:09,487 - Knowledge - INFO - Found code-base-name: https://github.com/kavia-common/library-management-system-2918.git:kavia-master
2025-09-29 08:00:09,487 - Knowledge - INFO - Found code-base-name: https://github.com/kavia-common/library-management-system-2918.git:kavia-master
2025-09-29 08:00:09,487 - Knowledge - INFO - Found code-base-name: https://github.com/kavia-common/library-management-system-2918.git:kavia-master
2025-09-29 08:00:09,487 - Knowledge - INFO - Found code-base-name: https://github.com/kavia-common/library-management-system-2918.git:kavia-master
2025-09-29 08:00:09,487 - Knowledge - INFO - Found code-base-name: https://github.com/kavia-common/library-management-system-2918.git:kavia-master
2025-09-29 08:00:09,488 - Knowledge - INFO - worker kw2 pull /app/data/kaviademo4200/2918/b61073k/library-management-system-2918/Models/UserDAO.py from ingest queue
2025-09-29 08:00:09,577 - Knowledge - INFO - adding /app/data/kaviademo4200/2918/b61073k/library-management-system-2918/Controllers/BookManager.py to ingest queue
2025-09-29 08:00:09,813 - Knowledge - INFO - persist ingested knowledge for /app/data/kaviademo4200/2918/b61073k/library-management-system-2918/templates/books.html
2025-09-29 08:00:10,186 - Knowledge - INFO - worker kw27 created with dedicated MongoDB connection (total: 27)
2025-09-29 08:00:10,355 - Knowledge - INFO - Fast-track processing for simple file: /app/data/kaviademo4200/2918/b61073k/library-management-system-2918/static/home.css
2025-09-29 08:00:10,550 - Knowledge - INFO - Found code_base: <app.utils.kg_build.knowledge.KnowledgeCodeBase object at 0x7fc5629ccbd0>
2025-09-29 08:00:10,644 - Knowledge - INFO - Thread kw23 - File style.css - Remaining files in queue: 16
2025-09-29 08:00:10,740 - Knowledge - INFO - Thread kw14 - File bootstrap.min.css - Remaining files in queue: 16
2025-09-29 08:00:10,843 - Knowledge - INFO - Found code_base: <app.utils.kg_build.knowledge.KnowledgeCodeBase object at 0x7fc5629ccbd0>
2025-09-29 08:00:10,927 - Knowledge - INFO - Thread kw25 - File AdminDAO.py - Remaining files in queue: 16
2025-09-29 08:00:11,008 - Knowledge - INFO - Thread kw15 - File BookDAO.py - Remaining files in queue: 16
2025-09-29 08:00:11,090 - Knowledge - INFO - Found code_base: <app.utils.kg_build.knowledge.KnowledgeCodeBase object at 0x7fc5629ccbd0>
2025-09-29 08:00:11,183 - Knowledge - INFO - Found code_base: <app.utils.kg_build.knowledge.KnowledgeCodeBase object at 0x7fc5629ccbd0>
2025-09-29 08:00:11,284 - Knowledge - INFO - Found code_base: <app.utils.kg_build.knowledge.KnowledgeCodeBase object at 0x7fc5629ccbd0>
2025-09-29 08:00:11,414 - Knowledge - INFO - Found code_base: <app.utils.kg_build.knowledge.KnowledgeCodeBase object at 0x7fc5629ccbd0>
2025-09-29 08:00:11,515 - Knowledge - INFO - Found code_base: <app.utils.kg_build.knowledge.KnowledgeCodeBase object at 0x7fc5629ccbd0>
2025-09-29 08:00:11,607 - Knowledge - INFO - Found code_base: <app.utils.kg_build.knowledge.KnowledgeCodeBase object at 0x7fc5629ccbd0>
2025-09-29 08:00:11,727 - Knowledge - INFO - Found code_base: <app.utils.kg_build.knowledge.KnowledgeCodeBase object at 0x7fc5629ccbd0>
2025-09-29 08:00:11,820 - Knowledge - INFO - Found code_base: <app.utils.kg_build.knowledge.KnowledgeCodeBase object at 0x7fc5629ccbd0>
2025-09-29 08:00:11,920 - Knowledge - INFO - Thread kw2 - File UserDAO.py - Remaining files in queue: 16
2025-09-29 08:00:12,002 - Knowledge - INFO - adding /app/data/kaviademo4200/2918/b61073k/library-management-system-2918/templates/home.html to ingest queue
2025-09-29 08:00:12,195 - Knowledge - INFO - knowledge worker kw27 start
2025-09-29 08:00:12,197 - Knowledge - WARNING - High connection count: 28 connections active
2025-09-29 08:00:14,035 - Knowledge - INFO - worker kw28 created with dedicated MongoDB connection (total: 28)
2025-09-29 08:00:12,386 - Knowledge - INFO - persist ingested knowledge for /app/data/kaviademo4200/2918/b61073k/library-management-system-2918/templates/admin/books/add.html
2025-09-29 08:00:12,473 - Knowledge - INFO - start ingest for /app/data/kaviademo4200/2918/b61073k/library-management-system-2918/static/style.css
2025-09-29 08:00:12,591 - Knowledge - INFO - start ingest for /app/data/kaviademo4200/2918/b61073k/library-management-system-2918/static/bootstrap.min.css
2025-09-29 08:00:12,676 - Knowledge - INFO - persist ingested knowledge for /app/data/kaviademo4200/2918/b61073k/library-management-system-2918/templates/admin/books/views.html
2025-09-29 08:00:12,772 - Knowledge - INFO - start ingest for /app/data/kaviademo4200/2918/b61073k/library-management-system-2918/Models/AdminDAO.py
2025-09-29 08:00:12,887 - Knowledge - INFO - start ingest for /app/data/kaviademo4200/2918/b61073k/library-management-system-2918/Models/BookDAO.py
2025-09-29 08:00:12,964 - Knowledge - INFO - persist ingested knowledge for /app/data/kaviademo4200/2918/b61073k/library-management-system-2918/templates/admin/books/edit.html
2025-09-29 08:00:13,041 - Knowledge - INFO - persist ingested knowledge for /app/data/kaviademo4200/2918/b61073k/library-management-system-2918/templates/admin/users.html
2025-09-29 08:00:13,128 - Knowledge - INFO - persist ingested knowledge for /app/data/kaviademo4200/2918/b61073k/library-management-system-2918/templates/admin/signin.html
2025-09-29 08:00:13,242 - Knowledge - INFO - persist ingested knowledge for /app/data/kaviademo4200/2918/b61073k/library-management-system-2918/templates/signup.html
2025-09-29 08:00:13,367 - Knowledge - INFO - persist ingested knowledge for /app/data/kaviademo4200/2918/b61073k/library-management-system-2918/templates/signin.html
2025-09-29 08:00:13,467 - Knowledge - INFO - persist ingested knowledge for /app/data/kaviademo4200/2918/b61073k/library-management-system-2918/templates/shared/layout.html
2025-09-29 08:00:13,568 - Knowledge - INFO - persist ingested knowledge for /app/data/kaviademo4200/2918/b61073k/library-management-system-2918/templates/shared/admin_layout.html
2025-09-29 08:00:13,658 - Knowledge - INFO - persist ingested knowledge for /app/data/kaviademo4200/2918/b61073k/library-management-system-2918/templates/welcome.html
2025-09-29 08:00:13,772 - Knowledge - INFO - start ingest for /app/data/kaviademo4200/2918/b61073k/library-management-system-2918/Models/UserDAO.py
2025-09-29 08:00:12,277 - Knowledge - INFO - done fast ingest for /app/data/kaviademo4200/2918/b61073k/library-management-system-2918/static/home.css
2025-09-29 08:00:14,051 - Knowledge - INFO - worker kw26 pull /app/data/kaviademo4200/2918/b61073k/library-management-system-2918/Models/DB.py from ingest queue
2025-09-29 08:00:14,101 - Knowledge - INFO - worker kw7 pull /app/data/kaviademo4200/2918/b61073k/library-management-system-2918/Models/DBDAO.py from ingest queue
2025-09-29 08:00:14,112 - Knowledge - INFO - knowledge worker kw28 start
2025-09-29 08:00:14,114 - Knowledge - WARNING - High connection count: 29 connections active
2025-09-29 08:00:14,152 - Knowledge - INFO - adding /app/data/kaviademo4200/2918/b61073k/library-management-system-2918/Controllers/AdminManager.py to ingest queue
2025-09-29 08:00:14,639 - Knowledge - INFO - Fast-track processing for simple file: /app/data/kaviademo4200/2918/b61073k/library-management-system-2918/Models/AdminDAO.py
2025-09-29 08:00:15,753 - Knowledge - INFO - process ingested knowledge for /app/data/kaviademo4200/2918/b61073k/library-management-system-2918/static/home.css
2025-09-29 08:00:15,863 - Knowledge - INFO - Thread kw26 - File DB.py - Remaining files in queue: 16
2025-09-29 08:00:15,959 - Knowledge - INFO - Thread kw7 - File DBDAO.py - Remaining files in queue: 16
2025-09-29 08:00:16,169 - Knowledge - INFO - worker kw29 created with dedicated MongoDB connection (total: 29)
2025-09-29 08:00:16,263 - Knowledge - INFO - adding /app/data/kaviademo4200/2918/b61073k/library-management-system-2918/templates/profile.html to ingest queue
2025-09-29 08:00:16,380 - Knowledge - INFO - done fast ingest for /app/data/kaviademo4200/2918/b61073k/library-management-system-2918/Models/AdminDAO.py
2025-09-29 08:00:16,584 - Knowledge - INFO - start ingest for /app/data/kaviademo4200/2918/b61073k/library-management-system-2918/Models/DB.py
2025-09-29 08:00:16,664 - Knowledge - INFO - start ingest for /app/data/kaviademo4200/2918/b61073k/library-management-system-2918/Models/DBDAO.py
2025-09-29 08:00:16,749 - Knowledge - INFO - knowledge worker kw29 start
2025-09-29 08:00:16,752 - Knowledge - WARNING - High connection count: 30 connections active
2025-09-29 08:00:16,828 - Knowledge - INFO - worker kw27 pull /app/data/kaviademo4200/2918/b61073k/library-management-system-2918/Models/DAO.py from ingest queue
2025-09-29 08:00:16,828 - Knowledge - INFO - adding /app/data/kaviademo4200/2918/b61073k/library-management-system-2918/templates/admin/home.html to ingest queue
2025-09-29 08:00:16,931 - Knowledge - INFO - process ingested knowledge for /app/data/kaviademo4200/2918/b61073k/library-management-system-2918/Models/AdminDAO.py
2025-09-29 08:00:17,086 - Knowledge - INFO - Fast-track processing for simple file: /app/data/kaviademo4200/2918/b61073k/library-management-system-2918/Models/DBDAO.py
2025-09-29 08:00:17,265 - Knowledge - INFO - worker kw30 created with dedicated MongoDB connection (total: 30)
2025-09-29 08:00:17,387 - Knowledge - INFO - Thread kw27 - File DAO.py - Remaining files in queue: 17
2025-09-29 08:00:17,472 - Knowledge - INFO - adding /app/data/kaviademo4200/2918/b61073k/library-management-system-2918/templates/admin/books/book_view.html to ingest queue
2025-09-29 08:00:17,625 - Knowledge - INFO - done fast ingest for /app/data/kaviademo4200/2918/b61073k/library-management-system-2918/Models/DBDAO.py
2025-09-29 08:00:17,729 - Knowledge - INFO - knowledge worker kw30 start
2025-09-29 08:00:17,844 - Knowledge - INFO - start ingest for /app/data/kaviademo4200/2918/b61073k/library-management-system-2918/Models/DAO.py
2025-09-29 08:00:17,940 - Knowledge - INFO - worker kw3 pull /app/data/kaviademo4200/2918/b61073k/library-management-system-2918/Misc/functions.py from ingest queue
2025-09-29 08:00:17,941 - Knowledge - INFO - adding /app/data/kaviademo4200/2918/b61073k/library-management-system-2918/templates/books.html to ingest queue
2025-09-29 08:00:18,052 - Knowledge - INFO - process ingested knowledge for /app/data/kaviademo4200/2918/b61073k/library-management-system-2918/Models/DBDAO.py
2025-09-29 08:00:18,256 - Knowledge - INFO - Fast-track processing for simple file: /app/data/kaviademo4200/2918/b61073k/library-management-system-2918/Models/DAO.py
2025-09-29 08:00:18,350 - Knowledge - INFO - Thread kw3 - File functions.py - Remaining files in queue: 18
2025-09-29 08:00:18,638 - Knowledge - INFO - done fast ingest for /app/data/kaviademo4200/2918/b61073k/library-management-system-2918/Models/DAO.py
2025-09-29 08:00:18,749 - Knowledge - INFO - start ingest for /app/data/kaviademo4200/2918/b61073k/library-management-system-2918/Misc/functions.py
2025-09-29 08:00:18,841 - Knowledge - INFO - process ingested knowledge for /app/data/kaviademo4200/2918/b61073k/library-management-system-2918/Models/DAO.py
2025-09-29 08:00:19,006 - Knowledge - INFO - worker kw28 pull /app/data/kaviademo4200/2918/b61073k/library-management-system-2918/routes/book.py from ingest queue
2025-09-29 08:00:19,008 - Knowledge - INFO - worker kw16 pull /app/data/kaviademo4200/2918/b61073k/library-management-system-2918/routes/user.py from ingest queue
2025-09-29 08:00:19,008 - Knowledge - INFO - worker kw17 pull /app/data/kaviademo4200/2918/b61073k/library-management-system-2918/db/lms.sql from ingest queue
2025-09-29 08:00:19,008 - Knowledge - INFO - worker kw29 pull /app/data/kaviademo4200/2918/b61073k/library-management-system-2918/routes/admin.py from ingest queue
2025-09-29 08:00:19,009 - Knowledge - INFO - Found code-base-name: https://github.com/kavia-common/library-management-system-2918.git:kavia-master
2025-09-29 08:00:19,009 - Knowledge - INFO - worker kw10 pull /app/data/kaviademo4200/2918/b61073k/library-management-system-2918/App/Actor.py from ingest queue
2025-09-29 08:00:19,013 - Knowledge - INFO - adding /app/data/kaviademo4200/2918/b61073k/library-management-system-2918/templates/book_view.html to ingest queue
2025-09-29 08:00:19,125 - Knowledge - INFO - Thread kw28 - File book.py - Remaining files in queue: 14
2025-09-29 08:00:19,208 - Knowledge - INFO - Thread kw16 - File user.py - Remaining files in queue: 14
2025-09-29 08:00:19,300 - Knowledge - INFO - Thread kw17 - File lms.sql - Remaining files in queue: 14
2025-09-29 08:00:19,365 - Knowledge - INFO - done ingest for /app/data/kaviademo4200/2918/b61073k/library-management-system-2918/static/style.css
2025-09-29 08:00:19,395 - Knowledge - INFO - Thread kw29 - File admin.py - Remaining files in queue: 14
2025-09-29 08:00:19,484 - Knowledge - INFO - Found code_base: <app.utils.kg_build.knowledge.KnowledgeCodeBase object at 0x7fc5629ccbd0>
2025-09-29 08:00:19,608 - Knowledge - INFO - Thread kw10 - File Actor.py - Remaining files in queue: 14
2025-09-29 08:00:19,700 - Knowledge - INFO - worker kw18 pull /app/data/kaviademo4200/2918/b61073k/library-management-system-2918/App/Admin.py from ingest queue
2025-09-29 08:00:19,700 - Knowledge - INFO - Found code-base-name: https://github.com/kavia-common/library-management-system-2918.git:kavia-master
2025-09-29 08:00:19,701 - Knowledge - INFO - adding /app/data/kaviademo4200/2918/b61073k/library-management-system-2918/templates/admin/books/views.html to ingest queue
2025-09-29 08:00:19,788 - Knowledge - INFO - start ingest for /app/data/kaviademo4200/2918/b61073k/library-management-system-2918/routes/book.py
2025-09-29 08:00:19,883 - Knowledge - INFO - start ingest for /app/data/kaviademo4200/2918/b61073k/library-management-system-2918/routes/user.py
2025-09-29 08:00:20,000 - Knowledge - INFO - start ingest for /app/data/kaviademo4200/2918/b61073k/library-management-system-2918/db/lms.sql
2025-09-29 08:00:20,128 - Knowledge - INFO - process ingested knowledge for /app/data/kaviademo4200/2918/b61073k/library-management-system-2918/static/style.css
2025-09-29 08:00:20,261 - Knowledge - INFO - start ingest for /app/data/kaviademo4200/2918/b61073k/library-management-system-2918/routes/admin.py
2025-09-29 08:00:20,353 - Knowledge - INFO - persist ingested knowledge for /app/data/kaviademo4200/2918/b61073k/library-management-system-2918/Models/AdminDAO.py
2025-09-29 08:00:20,473 - Knowledge - INFO - start ingest for /app/data/kaviademo4200/2918/b61073k/library-management-system-2918/App/Actor.py
2025-09-29 08:00:20,583 - Knowledge - INFO - Thread kw18 - File Admin.py - Remaining files in queue: 14
2025-09-29 08:00:20,686 - Knowledge - INFO - Found code_base: <app.utils.kg_build.knowledge.KnowledgeCodeBase object at 0x7fc5629ccbd0>
2025-09-29 08:00:20,823 - Knowledge - INFO - adding /app/data/kaviademo4200/2918/b61073k/library-management-system-2918/templates/admin/books/edit.html to ingest queue
2025-09-29 08:00:21,657 - Knowledge - INFO - start ingest for /app/data/kaviademo4200/2918/b61073k/library-management-system-2918/App/Admin.py
2025-09-29 08:00:21,779 - Knowledge - INFO - persist ingested knowledge for /app/data/kaviademo4200/2918/b61073k/library-management-system-2918/Models/DBDAO.py
2025-09-29 08:00:21,877 - Knowledge - INFO - adding /app/data/kaviademo4200/2918/b61073k/library-management-system-2918/templates/admin/users.html to ingest queue
2025-09-29 08:00:21,976 - Knowledge - INFO - Fast-track processing for simple file: /app/data/kaviademo4200/2918/b61073k/library-management-system-2918/App/Admin.py
2025-09-29 08:00:22,134 - Knowledge - INFO - adding /app/data/kaviademo4200/2918/b61073k/library-management-system-2918/templates/admin/signin.html to ingest queue
2025-09-29 08:00:22,222 - Knowledge - INFO - done fast ingest for /app/data/kaviademo4200/2918/b61073k/library-management-system-2918/App/Admin.py
2025-09-29 08:00:22,304 - Knowledge - INFO - adding /app/data/kaviademo4200/2918/b61073k/library-management-system-2918/templates/signup.html to ingest queue
2025-09-29 08:00:22,395 - Knowledge - INFO - process ingested knowledge for /app/data/kaviademo4200/2918/b61073k/library-management-system-2918/App/Admin.py
2025-09-29 08:00:22,478 - Knowledge - INFO - adding /app/data/kaviademo4200/2918/b61073k/library-management-system-2918/templates/signin.html to ingest queue
2025-09-29 08:00:22,678 - Knowledge - INFO - adding /app/data/kaviademo4200/2918/b61073k/library-management-system-2918/templates/shared/layout.html to ingest queue
2025-09-29 08:00:22,813 - Knowledge - INFO - adding /app/data/kaviademo4200/2918/b61073k/library-management-system-2918/templates/shared/admin_layout.html to ingest queue
2025-09-29 08:00:22,921 - Knowledge - INFO - adding /app/data/kaviademo4200/2918/b61073k/library-management-system-2918/templates/welcome.html to ingest queue
2025-09-29 08:00:23,004 - Knowledge - INFO - Found code-base-name: https://github.com/kavia-common/library-management-system-2918.git:kavia-master
2025-09-29 08:00:23,005 - Knowledge - INFO - worker kw4 pull /app/data/kaviademo4200/2918/b61073k/library-management-system-2918/App/User.py from ingest queue
2025-09-29 08:00:23,006 - Knowledge - INFO - Found code-base-name: https://github.com/kavia-common/library-management-system-2918.git:kavia-master
2025-09-29 08:00:23,006 - Knowledge - INFO - adding /app/data/kaviademo4200/2918/b61073k/library-management-system-2918/templates/admin/books/add.html to ingest queue
2025-09-29 08:00:23,122 - Knowledge - INFO - Found code_base: <app.utils.kg_build.knowledge.KnowledgeCodeBase object at 0x7fc5629ccbd0>
2025-09-29 08:00:23,205 - Knowledge - INFO - Thread kw4 - File User.py - Remaining files in queue: 22
2025-09-29 08:00:23,296 - Knowledge - INFO - Found code_base: <app.utils.kg_build.knowledge.KnowledgeCodeBase object at 0x7fc5629ccbd0>
2025-09-29 08:00:23,372 - Knowledge - INFO - worker kw8 pull /app/data/kaviademo4200/2918/b61073k/library-management-system-2918/App/Books.py from ingest queue
2025-09-29 08:00:23,373 - Knowledge - INFO - Found code-base-name: https://github.com/kavia-common/library-management-system-2918.git:kavia-master
2025-09-29 08:00:23,446 - Knowledge - INFO - persist ingested knowledge for /app/data/kaviademo4200/2918/b61073k/library-management-system-2918/static/home.css
2025-09-29 08:00:23,485 - Knowledge - INFO - worker kw5 pull /app/data/kaviademo4200/2918/b61073k/library-management-system-2918/README.md from ingest queue
2025-09-29 08:00:23,542 - Knowledge - INFO - start ingest for /app/data/kaviademo4200/2918/b61073k/library-management-system-2918/App/User.py
2025-09-29 08:00:23,630 - Knowledge - INFO - done ingest for /app/data/kaviademo4200/2918/b61073k/library-management-system-2918/app.py
2025-09-29 08:00:23,632 - Knowledge - INFO - persist ingested knowledge for /app/data/kaviademo4200/2918/b61073k/library-management-system-2918/Models/DAO.py
2025-09-29 08:00:23,642 - Knowledge - INFO - worker kw9 pull /app/data/kaviademo4200/2918/b61073k/library-management-system-2918/requirements.txt from ingest queue
2025-09-29 08:00:23,643 - Knowledge - INFO - worker kw12 pull /app/data/kaviademo4200/2918/b61073k/library-management-system-2918/Controllers/UserManager.py from ingest queue
2025-09-29 08:00:23,643 - Knowledge - INFO - worker kw22 pull /app/data/kaviademo4200/2918/b61073k/library-management-system-2918/info.md from ingest queue
2025-09-29 08:00:23,644 - Knowledge - INFO - worker kw13 pull /app/data/kaviademo4200/2918/b61073k/library-management-system-2918/Controllers/BookManager.py from ingest queue
2025-09-29 08:00:23,644 - Knowledge - INFO - worker kw30 pull /app/data/kaviademo4200/2918/b61073k/library-management-system-2918/templates/home.html from ingest queue
2025-09-29 08:00:23,647 - Knowledge - INFO - worker kw20 pull /app/data/kaviademo4200/2918/b61073k/library-management-system-2918/Controllers/AdminManager.py from ingest queue
2025-09-29 08:00:23,653 - Knowledge - INFO - worker kw25 pull /app/data/kaviademo4200/2918/b61073k/library-management-system-2918/templates/profile.html from ingest queue
2025-09-29 08:00:23,654 - Knowledge - INFO - Found code-base-name: https://github.com/kavia-common/library-management-system-2918.git:kavia-master
2025-09-29 08:00:23,659 - Knowledge - INFO - worker kw1 pull /app/data/kaviademo4200/2918/b61073k/library-management-system-2918/templates/admin/home.html from ingest queue
2025-09-29 08:00:23,659 - Knowledge - INFO - worker kw6 pull /app/data/kaviademo4200/2918/b61073k/library-management-system-2918/templates/admin/books/book_view.html from ingest queue
2025-09-29 08:00:23,660 - Knowledge - INFO - worker kw21 pull /app/data/kaviademo4200/2918/b61073k/library-management-system-2918/templates/books.html from ingest queue
2025-09-29 08:00:23,660 - Knowledge - INFO - worker kw19 pull /app/data/kaviademo4200/2918/b61073k/library-management-system-2918/templates/book_view.html from ingest queue
2025-09-29 08:00:23,661 - Knowledge - INFO - worker kw7 pull /app/data/kaviademo4200/2918/b61073k/library-management-system-2918/templates/admin/books/views.html from ingest queue
2025-09-29 08:00:23,768 - Knowledge - INFO - Thread kw8 - File Books.py - Remaining files in queue: 9
2025-09-29 08:00:23,856 - Knowledge - INFO - Found code_base: <app.utils.kg_build.knowledge.KnowledgeCodeBase object at 0x7fc5629ccbd0>
2025-09-29 08:00:24,044 - Knowledge - INFO - Thread kw5 - File README.md - Remaining files in queue: 9
2025-09-29 08:00:24,064 - Knowledge - INFO - worker kw11 pull /app/data/kaviademo4200/2918/b61073k/library-management-system-2918/templates/admin/books/edit.html from ingest queue
2025-09-29 08:00:24,151 - Knowledge - INFO - Fast-track processing for simple file: /app/data/kaviademo4200/2918/b61073k/library-management-system-2918/App/User.py
2025-09-29 08:00:24,259 - Knowledge - INFO - process ingested knowledge for /app/data/kaviademo4200/2918/b61073k/library-management-system-2918/app.py
2025-09-29 08:00:24,438 - Knowledge - INFO - Thread kw9 - File requirements.txt - Remaining files in queue: 8
2025-09-29 08:00:24,443 - Knowledge - INFO - worker kw27 pull /app/data/kaviademo4200/2918/b61073k/library-management-system-2918/templates/admin/users.html from ingest queue
2025-09-29 08:00:24,550 - Knowledge - INFO - Thread kw12 - File UserManager.py - Remaining files in queue: 7
2025-09-29 08:00:24,625 - Knowledge - INFO - Thread kw22 - File info.md - Remaining files in queue: 7
2025-09-29 08:00:24,747 - Knowledge - INFO - Thread kw13 - File BookManager.py - Remaining files in queue: 7
2025-09-29 08:00:24,866 - Knowledge - INFO - Thread kw30 - File home.html - Remaining files in queue: 7
2025-09-29 08:00:24,946 - Knowledge - INFO - Thread kw20 - File AdminManager.py - Remaining files in queue: 7
2025-09-29 08:00:25,051 - Knowledge - INFO - Thread kw25 - File profile.html - Remaining files in queue: 7
2025-09-29 08:00:25,141 - Knowledge - INFO - Found code_base: <app.utils.kg_build.knowledge.KnowledgeCodeBase object at 0x7fc5629ccbd0>
2025-09-29 08:00:25,270 - Knowledge - INFO - Thread kw1 - File home.html - Remaining files in queue: 7
2025-09-29 08:00:25,351 - Knowledge - INFO - Thread kw6 - File book_view.html - Remaining files in queue: 7
2025-09-29 08:00:25,447 - Knowledge - INFO - Thread kw21 - File books.html - Remaining files in queue: 7
2025-09-29 08:00:25,565 - Knowledge - INFO - Thread kw19 - File book_view.html - Remaining files in queue: 7
2025-09-29 08:00:25,654 - Knowledge - INFO - Thread kw7 - File views.html - Remaining files in queue: 7
2025-09-29 08:00:25,751 - Knowledge - INFO - start ingest for /app/data/kaviademo4200/2918/b61073k/library-management-system-2918/App/Books.py
2025-09-29 08:00:25,844 - Knowledge - INFO - persist ingested knowledge for /app/data/kaviademo4200/2918/b61073k/library-management-system-2918/static/style.css
2025-09-29 08:00:25,978 - Knowledge - INFO - start ingest for /app/data/kaviademo4200/2918/b61073k/library-management-system-2918/README.md
2025-09-29 08:00:26,070 - Knowledge - INFO - Thread kw11 - File edit.html - Remaining files in queue: 7
2025-09-29 08:00:26,203 - Knowledge - INFO - done fast ingest for /app/data/kaviademo4200/2918/b61073k/library-management-system-2918/App/User.py
2025-09-29 08:00:26,306 - Knowledge - INFO - Found code-base-name: https://github.com/kavia-common/library-management-system-2918.git:kavia-master
2025-09-29 08:00:26,393 - Knowledge - INFO - start ingest for /app/data/kaviademo4200/2918/b61073k/library-management-system-2918/requirements.txt
2025-09-29 08:00:26,483 - Knowledge - INFO - Thread kw27 - File users.html - Remaining files in queue: 7
2025-09-29 08:00:26,595 - Knowledge - INFO - start ingest for /app/data/kaviademo4200/2918/b61073k/library-management-system-2918/Controllers/UserManager.py
2025-09-29 08:00:26,707 - Knowledge - INFO - start ingest for /app/data/kaviademo4200/2918/b61073k/library-management-system-2918/info.md
2025-09-29 08:00:26,796 - Knowledge - INFO - start ingest for /app/data/kaviademo4200/2918/b61073k/library-management-system-2918/Controllers/BookManager.py
2025-09-29 08:00:26,876 - Knowledge - INFO - start ingest for /app/data/kaviademo4200/2918/b61073k/library-management-system-2918/templates/home.html
2025-09-29 08:00:26,964 - Knowledge - INFO - start ingest for /app/data/kaviademo4200/2918/b61073k/library-management-system-2918/Controllers/AdminManager.py
2025-09-29 08:00:27,075 - Knowledge - INFO - start ingest for /app/data/kaviademo4200/2918/b61073k/library-management-system-2918/templates/profile.html
2025-09-29 08:00:27,187 - Knowledge - INFO - persist ingested knowledge for /app/data/kaviademo4200/2918/b61073k/library-management-system-2918/App/Admin.py
2025-09-29 08:00:27,304 - Knowledge - INFO - start ingest for /app/data/kaviademo4200/2918/b61073k/library-management-system-2918/templates/admin/home.html
2025-09-29 08:00:27,337 - Knowledge - INFO - done ingest for /app/data/kaviademo4200/2918/b61073k/library-management-system-2918/db/lms.sql
2025-09-29 08:00:27,391 - Knowledge - INFO - start ingest for /app/data/kaviademo4200/2918/b61073k/library-management-system-2918/templates/admin/books/book_view.html
2025-09-29 08:00:27,474 - Knowledge - INFO - start ingest for /app/data/kaviademo4200/2918/b61073k/library-management-system-2918/templates/books.html
2025-09-29 08:00:27,562 - Knowledge - INFO - start ingest for /app/data/kaviademo4200/2918/b61073k/library-management-system-2918/templates/book_view.html
2025-09-29 08:00:27,706 - Knowledge - INFO - start ingest for /app/data/kaviademo4200/2918/b61073k/library-management-system-2918/templates/admin/books/views.html
2025-09-29 08:00:27,719 - Knowledge - INFO - done ingest for /app/data/kaviademo4200/2918/b61073k/library-management-system-2918/Misc/functions.py
2025-09-29 08:00:27,810 - Knowledge - INFO - Fast-track processing for simple file: /app/data/kaviademo4200/2918/b61073k/library-management-system-2918/App/Books.py
2025-09-29 08:00:27,981 - Knowledge - INFO - done ingest for /app/data/kaviademo4200/2918/b61073k/library-management-system-2918/Models/UserDAO.py
2025-09-29 08:00:28,019 - Knowledge - INFO - Fast-track processing for simple file: /app/data/kaviademo4200/2918/b61073k/library-management-system-2918/README.md
2025-09-29 08:00:28,032 - Knowledge - INFO - done ingest for /app/data/kaviademo4200/2918/b61073k/library-management-system-2918/static/bootstrap.min.css
2025-09-29 08:00:28,073 - Knowledge - INFO - worker kw23 pull /app/data/kaviademo4200/2918/b61073k/library-management-system-2918/templates/admin/signin.html from ingest queue
2025-09-29 08:00:28,112 - Knowledge - INFO - start ingest for /app/data/kaviademo4200/2918/b61073k/library-management-system-2918/templates/admin/books/edit.html
2025-09-29 08:00:28,267 - Knowledge - INFO - process ingested knowledge for /app/data/kaviademo4200/2918/b61073k/library-management-system-2918/App/User.py
2025-09-29 08:00:28,315 - Knowledge - INFO - Found code_base: <app.utils.kg_build.knowledge.KnowledgeCodeBase object at 0x7fc5629ccbd0>
2025-09-29 08:00:28,467 - Knowledge - INFO - Fast-track processing for simple file: /app/data/kaviademo4200/2918/b61073k/library-management-system-2918/requirements.txt
2025-09-29 08:00:28,573 - Knowledge - INFO - start ingest for /app/data/kaviademo4200/2918/b61073k/library-management-system-2918/templates/admin/users.html
2025-09-29 08:00:28,786 - Knowledge - INFO - Fast-track processing for simple file: /app/data/kaviademo4200/2918/b61073k/library-management-system-2918/info.md
2025-09-29 08:00:29,031 - Knowledge - INFO - done ingest for /app/data/kaviademo4200/2918/b61073k/library-management-system-2918/Models/BookDAO.py
2025-09-29 08:00:29,551 - Knowledge - INFO - worker kw18 pull /app/data/kaviademo4200/2918/b61073k/library-management-system-2918/templates/signup.html from ingest queue
2025-09-29 08:00:29,574 - Knowledge - INFO - process ingested knowledge for /app/data/kaviademo4200/2918/b61073k/library-management-system-2918/db/lms.sql
2025-09-29 08:00:30,071 - Knowledge - INFO - process ingested knowledge for /app/data/kaviademo4200/2918/b61073k/library-management-system-2918/Misc/functions.py
2025-09-29 08:00:30,134 - Knowledge - INFO - done fast ingest for /app/data/kaviademo4200/2918/b61073k/library-management-system-2918/App/Books.py
2025-09-29 08:00:30,266 - Knowledge - INFO - process ingested knowledge for /app/data/kaviademo4200/2918/b61073k/library-management-system-2918/Models/UserDAO.py
2025-09-29 08:00:30,372 - Knowledge - INFO - done fast ingest for /app/data/kaviademo4200/2918/b61073k/library-management-system-2918/README.md
2025-09-29 08:00:30,494 - Knowledge - INFO - process ingested knowledge for /app/data/kaviademo4200/2918/b61073k/library-management-system-2918/static/bootstrap.min.css
2025-09-29 08:00:30,582 - Knowledge - INFO - Thread kw23 - File signin.html - Remaining files in queue: 5
2025-09-29 08:00:30,736 - Knowledge - INFO - Found code-base-name: https://github.com/kavia-common/library-management-system-2918.git:kavia-master
2025-09-29 08:00:30,847 - Knowledge - INFO - persist ingested knowledge for /app/data/kaviademo4200/2918/b61073k/library-management-system-2918/app.py
2025-09-29 08:00:30,937 - Knowledge - INFO - done fast ingest for /app/data/kaviademo4200/2918/b61073k/library-management-system-2918/requirements.txt
2025-09-29 08:00:31,135 - Knowledge - INFO - done ingest for /app/data/kaviademo4200/2918/b61073k/library-management-system-2918/routes/book.py
2025-09-29 08:00:31,184 - Knowledge - INFO - done fast ingest for /app/data/kaviademo4200/2918/b61073k/library-management-system-2918/info.md
2025-09-29 08:00:31,331 - Knowledge - INFO - process ingested knowledge for /app/data/kaviademo4200/2918/b61073k/library-management-system-2918/Models/BookDAO.py
2025-09-29 08:00:31,433 - Knowledge - INFO - Thread kw18 - File signup.html - Remaining files in queue: 5
2025-09-29 08:00:31,534 - Knowledge - INFO - Found code-base-name: https://github.com/kavia-common/library-management-system-2918.git:kavia-master
2025-09-29 08:00:31,626 - Knowledge - INFO - Found code-base-name: https://github.com/kavia-common/library-management-system-2918.git:kavia-master
2025-09-29 08:00:31,767 - Knowledge - INFO - process ingested knowledge for /app/data/kaviademo4200/2918/b61073k/library-management-system-2918/App/Books.py
2025-09-29 08:00:31,852 - Knowledge - INFO - Found code-base-name: https://github.com/kavia-common/library-management-system-2918.git:kavia-master
2025-09-29 08:00:31,981 - Knowledge - INFO - process ingested knowledge for /app/data/kaviademo4200/2918/b61073k/library-management-system-2918/README.md
2025-09-29 08:00:32,067 - Knowledge - INFO - Found code-base-name: https://github.com/kavia-common/library-management-system-2918.git:kavia-master
2025-09-29 08:00:32,196 - Knowledge - INFO - start ingest for /app/data/kaviademo4200/2918/b61073k/library-management-system-2918/templates/admin/signin.html
2025-09-29 08:00:32,328 - Knowledge - INFO - Found code_base: <app.utils.kg_build.knowledge.KnowledgeCodeBase object at 0x7fc5629ccbd0>
2025-09-29 08:00:32,582 - Knowledge - INFO - process ingested knowledge for /app/data/kaviademo4200/2918/b61073k/library-management-system-2918/requirements.txt
2025-09-29 08:00:32,788 - Knowledge - INFO - done ingest for /app/data/kaviademo4200/2918/b61073k/library-management-system-2918/Models/DB.py
2025-09-29 08:00:32,809 - Knowledge - INFO - process ingested knowledge for /app/data/kaviademo4200/2918/b61073k/library-management-system-2918/info.md
2025-09-29 08:00:32,829 - Knowledge - INFO - process ingested knowledge for /app/data/kaviademo4200/2918/b61073k/library-management-system-2918/routes/book.py
2025-09-29 08:00:32,994 - Knowledge - INFO - start ingest for /app/data/kaviademo4200/2918/b61073k/library-management-system-2918/templates/signup.html
2025-09-29 08:00:33,066 - Knowledge - INFO - persist search terms embedding for app.py
2025-09-29 08:00:33,101 - Knowledge - INFO - Found code_base: <app.utils.kg_build.knowledge.KnowledgeCodeBase object at 0x7fc5629ccbd0>
2025-09-29 08:00:33,237 - Knowledge - INFO - Found code_base: <app.utils.kg_build.knowledge.KnowledgeCodeBase object at 0x7fc5629ccbd0>
2025-09-29 08:00:33,447 - Knowledge - INFO - Found code_base: <app.utils.kg_build.knowledge.KnowledgeCodeBase object at 0x7fc5629ccbd0>
2025-09-29 08:00:33,654 - Knowledge - INFO - Found code_base: <app.utils.kg_build.knowledge.KnowledgeCodeBase object at 0x7fc5629ccbd0>
2025-09-29 08:00:33,838 - Knowledge - INFO - persist ingested knowledge for /app/data/kaviademo4200/2918/b61073k/library-management-system-2918/App/User.py
2025-09-29 08:00:34,051 - Knowledge - INFO - process ingested knowledge for /app/data/kaviademo4200/2918/b61073k/library-management-system-2918/Models/DB.py
2025-09-29 08:00:34,434 - Knowledge - INFO - done ingest for /app/data/kaviademo4200/2918/b61073k/library-management-system-2918/routes/admin.py
2025-09-29 08:00:34,475 - Knowledge - INFO - Found code-base-name: https://github.com/kavia-common/library-management-system-2918.git:kavia-master
2025-09-29 08:00:34,476 - Knowledge - INFO - Found code-base-name: https://github.com/kavia-common/library-management-system-2918.git:kavia-master
2025-09-29 08:00:34,476 - Knowledge - INFO - Found code-base-name: https://github.com/kavia-common/library-management-system-2918.git:kavia-master
2025-09-29 08:00:34,476 - Knowledge - INFO - Found code-base-name: https://github.com/kavia-common/library-management-system-2918.git:kavia-master
2025-09-29 08:00:34,476 - Knowledge - INFO - Found code-base-name: https://github.com/kavia-common/library-management-system-2918.git:kavia-master
2025-09-29 08:00:34,477 - Knowledge - INFO - Found code-base-name: https://github.com/kavia-common/library-management-system-2918.git:kavia-master
2025-09-29 08:00:34,477 - Knowledge - INFO - worker kw24 pull /app/data/kaviademo4200/2918/b61073k/library-management-system-2918/templates/signin.html from ingest queue
2025-09-29 08:00:34,583 - Knowledge - INFO - persist ingested knowledge for /app/data/kaviademo4200/2918/b61073k/library-management-system-2918/db/lms.sql
2025-09-29 08:00:34,670 - Knowledge - INFO - persist ingested knowledge for /app/data/kaviademo4200/2918/b61073k/library-management-system-2918/Misc/functions.py
2025-09-29 08:00:35,012 - Knowledge - INFO - persist ingested knowledge for /app/data/kaviademo4200/2918/b61073k/library-management-system-2918/Models/UserDAO.py
2025-09-29 08:00:35,127 - Knowledge - INFO - persist ingested knowledge for /app/data/kaviademo4200/2918/b61073k/library-management-system-2918/static/bootstrap.min.css
2025-09-29 08:00:35,359 - Knowledge - INFO - Found code-base-name: https://github.com/kavia-common/library-management-system-2918.git:kavia-master
2025-09-29 08:00:35,359 - Knowledge - INFO - worker kw4 pull /app/data/kaviademo4200/2918/b61073k/library-management-system-2918/templates/shared/layout.html from ingest queue
2025-09-29 08:00:35,432 - Knowledge - INFO - process ingested knowledge for /app/data/kaviademo4200/2918/b61073k/library-management-system-2918/routes/admin.py
2025-09-29 08:00:35,512 - Knowledge - INFO - Found code_base: <app.utils.kg_build.knowledge.KnowledgeCodeBase object at 0x7fc5629ccbd0>
2025-09-29 08:00:35,633 - Knowledge - INFO - Found code_base: <app.utils.kg_build.knowledge.KnowledgeCodeBase object at 0x7fc5629ccbd0>
2025-09-29 08:00:35,754 - Knowledge - INFO - Found code_base: <app.utils.kg_build.knowledge.KnowledgeCodeBase object at 0x7fc5629ccbd0>
2025-09-29 08:00:35,876 - Knowledge - INFO - Found code_base: <app.utils.kg_build.knowledge.KnowledgeCodeBase object at 0x7fc5629ccbd0>
2025-09-29 08:00:36,003 - Knowledge - INFO - Found code_base: <app.utils.kg_build.knowledge.KnowledgeCodeBase object at 0x7fc5629ccbd0>
2025-09-29 08:00:36,144 - Knowledge - INFO - Found code_base: <app.utils.kg_build.knowledge.KnowledgeCodeBase object at 0x7fc5629ccbd0>
2025-09-29 08:00:36,286 - Knowledge - INFO - Thread kw24 - File signin.html - Remaining files in queue: 3
2025-09-29 08:00:36,892 - Knowledge - INFO - Found code_base: <app.utils.kg_build.knowledge.KnowledgeCodeBase object at 0x7fc5629ccbd0>
2025-09-29 08:00:37,913 - Knowledge - INFO - persist ingested knowledge for /app/data/kaviademo4200/2918/b61073k/library-management-system-2918/Models/DB.py
2025-09-29 08:00:37,160 - Knowledge - INFO - persist search terms embedding for Misc/functions.py
2025-09-29 08:00:37,182 - Knowledge - INFO - persist ingested knowledge for /app/data/kaviademo4200/2918/b61073k/library-management-system-2918/Models/BookDAO.py
2025-09-29 08:00:37,285 - Knowledge - INFO - persist ingested knowledge for /app/data/kaviademo4200/2918/b61073k/library-management-system-2918/App/Books.py
2025-09-29 08:00:37,365 - Knowledge - INFO - persist ingested knowledge for /app/data/kaviademo4200/2918/b61073k/library-management-system-2918/README.md
2025-09-29 08:00:37,437 - Knowledge - INFO - persist ingested knowledge for /app/data/kaviademo4200/2918/b61073k/library-management-system-2918/requirements.txt
2025-09-29 08:00:37,553 - Knowledge - INFO - persist ingested knowledge for /app/data/kaviademo4200/2918/b61073k/library-management-system-2918/info.md
2025-09-29 08:00:37,683 - Knowledge - INFO - persist ingested knowledge for /app/data/kaviademo4200/2918/b61073k/library-management-system-2918/routes/book.py
2025-09-29 08:00:37,788 - Knowledge - INFO - start ingest for /app/data/kaviademo4200/2918/b61073k/library-management-system-2918/templates/signin.html
2025-09-29 08:00:36,970 - Knowledge - INFO - Thread kw4 - File layout.html - Remaining files in queue: 3
2025-09-29 08:00:38,456 - Knowledge - INFO - persist search terms embedding for Models/UserDAO.py
2025-09-29 08:00:38,845 - Knowledge - INFO - start ingest for /app/data/kaviademo4200/2918/b61073k/library-management-system-2918/templates/shared/layout.html
2025-09-29 08:00:39,025 - Knowledge - INFO - worker kw17 pull /app/data/kaviademo4200/2918/b61073k/library-management-system-2918/templates/shared/admin_layout.html from ingest queue
2025-09-29 08:00:39,025 - Knowledge - INFO - Found code-base-name: https://github.com/kavia-common/library-management-system-2918.git:kavia-master
2025-09-29 08:00:39,025 - Knowledge - INFO - worker kw3 pull /app/data/kaviademo4200/2918/b61073k/library-management-system-2918/templates/welcome.html from ingest queue
2025-09-29 08:00:39,178 - Knowledge - INFO - Thread kw17 - File admin_layout.html - Remaining files in queue: 1
2025-09-29 08:00:39,193 - Knowledge - INFO - done ingest for /app/data/kaviademo4200/2918/b61073k/library-management-system-2918/App/Actor.py
2025-09-29 08:00:39,308 - Knowledge - INFO - Found code_base: <app.utils.kg_build.knowledge.KnowledgeCodeBase object at 0x7fc5629ccbd0>
2025-09-29 08:00:39,415 - Knowledge - INFO - Thread kw3 - File welcome.html - Remaining files in queue: 1
2025-09-29 08:00:39,566 - Knowledge - INFO - start ingest for /app/data/kaviademo4200/2918/b61073k/library-management-system-2918/templates/shared/admin_layout.html
2025-09-29 08:00:39,789 - Knowledge - INFO - persist search terms embedding for Models/BookDAO.py
2025-09-29 08:00:39,814 - Knowledge - INFO - done ingest for /app/data/kaviademo4200/2918/b61073k/library-management-system-2918/Controllers/UserManager.py
2025-09-29 08:00:39,818 - Knowledge - INFO - persist ingested knowledge for /app/data/kaviademo4200/2918/b61073k/library-management-system-2918/routes/admin.py
2025-09-29 08:00:39,850 - Knowledge - INFO - process ingested knowledge for /app/data/kaviademo4200/2918/b61073k/library-management-system-2918/App/Actor.py
2025-09-29 08:00:39,951 - Knowledge - INFO - start ingest for /app/data/kaviademo4200/2918/b61073k/library-management-system-2918/templates/welcome.html
2025-09-29 08:00:40,305 - Knowledge - INFO - process ingested knowledge for /app/data/kaviademo4200/2918/b61073k/library-management-system-2918/Controllers/UserManager.py
2025-09-29 08:00:40,506 - Knowledge - INFO - done ingest for /app/data/kaviademo4200/2918/b61073k/library-management-system-2918/routes/user.py
2025-09-29 08:00:40,644 - Knowledge - INFO - Fast-track processing for simple file: /app/data/kaviademo4200/2918/b61073k/library-management-system-2918/templates/welcome.html
2025-09-29 08:00:40,880 - Knowledge - INFO - process ingested knowledge for /app/data/kaviademo4200/2918/b61073k/library-management-system-2918/routes/user.py
2025-09-29 08:00:40,940 - Knowledge - INFO - done fast ingest for /app/data/kaviademo4200/2918/b61073k/library-management-system-2918/templates/welcome.html
2025-09-29 08:00:41,115 - Knowledge - INFO - persist search terms embedding for routes/book.py
2025-09-29 08:00:41,155 - Knowledge - INFO - process ingested knowledge for /app/data/kaviademo4200/2918/b61073k/library-management-system-2918/templates/welcome.html
2025-09-29 08:00:41,370 - Knowledge - INFO - worker kw2 pull /app/data/kaviademo4200/2918/b61073k/library-management-system-2918/templates/admin/books/add.html from ingest queue
2025-09-29 08:00:41,612 - Knowledge - INFO - Thread kw2 - File add.html - Remaining files in queue: 0
2025-09-29 08:00:41,613 - Knowledge - INFO - Found code-base-name: https://github.com/kavia-common/library-management-system-2918.git:kavia-master
2025-09-29 08:00:41,618 - Knowledge - INFO - Found code-base-name: https://github.com/kavia-common/library-management-system-2918.git:kavia-master
2025-09-29 08:00:41,715 - Knowledge - INFO - start ingest for /app/data/kaviademo4200/2918/b61073k/library-management-system-2918/templates/admin/books/add.html
2025-09-29 08:00:41,823 - Knowledge - INFO - Found code_base: <app.utils.kg_build.knowledge.KnowledgeCodeBase object at 0x7fc5629ccbd0>
2025-09-29 08:00:41,924 - Knowledge - INFO - done ingest for /app/data/kaviademo4200/2918/b61073k/library-management-system-2918/templates/home.html
2025-09-29 08:00:41,925 - Knowledge - INFO - Found code_base: <app.utils.kg_build.knowledge.KnowledgeCodeBase object at 0x7fc5629ccbd0>
2025-09-29 08:00:42,154 - Knowledge - INFO - persist ingested knowledge for /app/data/kaviademo4200/2918/b61073k/library-management-system-2918/App/Actor.py
2025-09-29 08:00:42,155 - Knowledge - INFO - persist search terms embedding for Models/DB.py
2025-09-29 08:00:42,251 - Knowledge - INFO - process ingested knowledge for /app/data/kaviademo4200/2918/b61073k/library-management-system-2918/templates/home.html
2025-09-29 08:00:42,352 - Knowledge - INFO - persist ingested knowledge for /app/data/kaviademo4200/2918/b61073k/library-management-system-2918/Controllers/UserManager.py
2025-09-29 08:00:42,571 - Knowledge - INFO - done ingest for /app/data/kaviademo4200/2918/b61073k/library-management-system-2918/templates/admin/books/edit.html
2025-09-29 08:00:42,904 - Knowledge - INFO - process ingested knowledge for /app/data/kaviademo4200/2918/b61073k/library-management-system-2918/templates/admin/books/edit.html
2025-09-29 08:00:43,137 - Knowledge - INFO - persist search terms embedding for routes/admin.py
2025-09-29 08:00:43,307 - Knowledge - INFO - done ingest for /app/data/kaviademo4200/2918/b61073k/library-management-system-2918/templates/admin/books/book_view.html
2025-09-29 08:00:43,420 - Knowledge - INFO - process ingested knowledge for /app/data/kaviademo4200/2918/b61073k/library-management-system-2918/templates/admin/books/book_view.html
2025-09-29 08:00:43,649 - Knowledge - INFO - done ingest for /app/data/kaviademo4200/2918/b61073k/library-management-system-2918/templates/admin/home.html
2025-09-29 08:00:43,749 - Knowledge - INFO - done ingest for /app/data/kaviademo4200/2918/b61073k/library-management-system-2918/templates/profile.html
2025-09-29 08:00:43,778 - Knowledge - INFO - process ingested knowledge for /app/data/kaviademo4200/2918/b61073k/library-management-system-2918/templates/admin/home.html
2025-09-29 08:00:43,837 - Knowledge - INFO - persist search terms embedding for App/Actor.py
2025-09-29 08:00:43,900 - Knowledge - INFO - done ingest for /app/data/kaviademo4200/2918/b61073k/library-management-system-2918/templates/admin/books/views.html
2025-09-29 08:00:43,901 - Knowledge - INFO - process ingested knowledge for /app/data/kaviademo4200/2918/b61073k/library-management-system-2918/templates/profile.html
2025-09-29 08:00:44,005 - Knowledge - INFO - done ingest for /app/data/kaviademo4200/2918/b61073k/library-management-system-2918/templates/books.html
2025-09-29 08:00:44,183 - Knowledge - INFO - Found code-base-name: https://github.com/kavia-common/library-management-system-2918.git:kavia-master
2025-09-29 08:00:44,651 - Knowledge - INFO - Found code_base: <app.utils.kg_build.knowledge.KnowledgeCodeBase object at 0x7fc5629ccbd0>
2025-09-29 08:00:44,262 - Knowledge - INFO - Found code-base-name: https://github.com/kavia-common/library-management-system-2918.git:kavia-master
2025-09-29 08:00:44,293 - Knowledge - INFO - process ingested knowledge for /app/data/kaviademo4200/2918/b61073k/library-management-system-2918/templates/admin/books/views.html
2025-09-29 08:00:44,431 - Knowledge - INFO - done ingest for /app/data/kaviademo4200/2918/b61073k/library-management-system-2918/templates/book_view.html
2025-09-29 08:00:44,491 - Knowledge - INFO - process ingested knowledge for /app/data/kaviademo4200/2918/b61073k/library-management-system-2918/templates/books.html
2025-09-29 08:00:44,211 - Knowledge - INFO - Found code-base-name: https://github.com/kavia-common/library-management-system-2918.git:kavia-master
2025-09-29 08:00:44,793 - Knowledge - INFO - persist ingested knowledge for /app/data/kaviademo4200/2918/b61073k/library-management-system-2918/templates/welcome.html
2025-09-29 08:00:44,809 - Knowledge - INFO - persist search terms embedding for Controllers/UserManager.py
2025-09-29 08:00:44,910 - Knowledge - INFO - done ingest for /app/data/kaviademo4200/2918/b61073k/library-management-system-2918/templates/admin/users.html
2025-09-29 08:00:44,927 - Knowledge - INFO - Found code_base: <app.utils.kg_build.knowledge.KnowledgeCodeBase object at 0x7fc5629ccbd0>
2025-09-29 08:00:45,176 - Knowledge - INFO - process ingested knowledge for /app/data/kaviademo4200/2918/b61073k/library-management-system-2918/templates/book_view.html
2025-09-29 08:00:45,238 - Knowledge - INFO - done ingest for /app/data/kaviademo4200/2918/b61073k/library-management-system-2918/Controllers/BookManager.py
2025-09-29 08:00:45,386 - Knowledge - INFO - Found code_base: <app.utils.kg_build.knowledge.KnowledgeCodeBase object at 0x7fc5629ccbd0>
2025-09-29 08:00:45,642 - Knowledge - INFO - Found code-base-name: https://github.com/kavia-common/library-management-system-2918.git:kavia-master
2025-09-29 08:00:45,661 - Knowledge - INFO - Found code-base-name: https://github.com/kavia-common/library-management-system-2918.git:kavia-master
2025-09-29 08:00:45,661 - Knowledge - INFO - Found code-base-name: https://github.com/kavia-common/library-management-system-2918.git:kavia-master
2025-09-29 08:00:45,662 - Knowledge - INFO - Found code-base-name: https://github.com/kavia-common/library-management-system-2918.git:kavia-master
2025-09-29 08:00:45,730 - Knowledge - INFO - process ingested knowledge for /app/data/kaviademo4200/2918/b61073k/library-management-system-2918/templates/admin/users.html
2025-09-29 08:00:45,774 - Knowledge - INFO - Found code-base-name: https://github.com/kavia-common/library-management-system-2918.git:kavia-master
2025-09-29 08:00:45,775 - Knowledge - INFO - Found code-base-name: https://github.com/kavia-common/library-management-system-2918.git:kavia-master
2025-09-29 08:00:45,820 - Knowledge - INFO - persist ingested knowledge for /app/data/kaviademo4200/2918/b61073k/library-management-system-2918/templates/admin/books/book_view.html
2025-09-29 08:00:45,901 - Knowledge - INFO - done ingest for /app/data/kaviademo4200/2918/b61073k/library-management-system-2918/Controllers/AdminManager.py
2025-09-29 08:00:45,975 - Knowledge - INFO - done ingest for /app/data/kaviademo4200/2918/b61073k/library-management-system-2918/templates/admin/signin.html
2025-09-29 08:00:46,102 - Knowledge - INFO - Found code-base-name: https://github.com/kavia-common/library-management-system-2918.git:kavia-master
2025-09-29 08:00:46,110 - Knowledge - INFO - process ingested knowledge for /app/data/kaviademo4200/2918/b61073k/library-management-system-2918/Controllers/BookManager.py
2025-09-29 08:00:46,201 - Knowledge - INFO - persist ingested knowledge for /app/data/kaviademo4200/2918/b61073k/library-management-system-2918/templates/admin/books/edit.html
2025-09-29 08:00:46,263 - Knowledge - INFO - done ingest for /app/data/kaviademo4200/2918/b61073k/library-management-system-2918/templates/signup.html
2025-09-29 08:00:46,303 - Knowledge - INFO - Found code_base: <app.utils.kg_build.knowledge.KnowledgeCodeBase object at 0x7fc5629ccbd0>
2025-09-29 08:00:46,409 - Knowledge - INFO - Found code_base: <app.utils.kg_build.knowledge.KnowledgeCodeBase object at 0x7fc5629ccbd0>
2025-09-29 08:00:46,505 - Knowledge - INFO - Found code_base: <app.utils.kg_build.knowledge.KnowledgeCodeBase object at 0x7fc5629ccbd0>
2025-09-29 08:00:46,607 - Knowledge - INFO - Found code_base: <app.utils.kg_build.knowledge.KnowledgeCodeBase object at 0x7fc5629ccbd0>
2025-09-29 08:00:46,699 - Knowledge - INFO - Found code-base-name: https://github.com/kavia-common/library-management-system-2918.git:kavia-master
2025-09-29 08:00:46,778 - Knowledge - INFO - Found code_base: <app.utils.kg_build.knowledge.KnowledgeCodeBase object at 0x7fc5629ccbd0>
2025-09-29 08:00:46,860 - Knowledge - INFO - Found code_base: <app.utils.kg_build.knowledge.KnowledgeCodeBase object at 0x7fc5629ccbd0>
2025-09-29 08:00:47,116 - Knowledge - INFO - process ingested knowledge for /app/data/kaviademo4200/2918/b61073k/library-management-system-2918/Controllers/AdminManager.py
2025-09-29 08:00:47,215 - Knowledge - INFO - process ingested knowledge for /app/data/kaviademo4200/2918/b61073k/library-management-system-2918/templates/admin/signin.html
2025-09-29 08:00:47,313 - Knowledge - INFO - Found code_base: <app.utils.kg_build.knowledge.KnowledgeCodeBase object at 0x7fc5629ccbd0>
2025-09-29 08:00:47,411 - Knowledge - INFO - Found code-base-name: https://github.com/kavia-common/library-management-system-2918.git:kavia-master
2025-09-29 08:00:47,597 - Knowledge - INFO - process ingested knowledge for /app/data/kaviademo4200/2918/b61073k/library-management-system-2918/templates/signup.html
2025-09-29 08:00:47,716 - Knowledge - INFO - done ingest for /app/data/kaviademo4200/2918/b61073k/library-management-system-2918/templates/signin.html
2025-09-29 08:00:47,724 - Knowledge - INFO - done ingest for /app/data/kaviademo4200/2918/b61073k/library-management-system-2918/templates/shared/layout.html
2025-09-29 08:00:47,738 - Knowledge - INFO - persist ingested knowledge for /app/data/kaviademo4200/2918/b61073k/library-management-system-2918/routes/user.py
2025-09-29 08:00:47,849 - Knowledge - INFO - persist ingested knowledge for /app/data/kaviademo4200/2918/b61073k/library-management-system-2918/templates/books.html
2025-09-29 08:00:47,864 - Knowledge - INFO - done ingest for /app/data/kaviademo4200/2918/b61073k/library-management-system-2918/templates/shared/admin_layout.html
2025-09-29 08:00:47,965 - Knowledge - INFO - persist ingested knowledge for /app/data/kaviademo4200/2918/b61073k/library-management-system-2918/templates/admin/home.html
2025-09-29 08:00:48,044 - Knowledge - INFO - persist ingested knowledge for /app/data/kaviademo4200/2918/b61073k/library-management-system-2918/templates/profile.html
2025-09-29 08:00:48,126 - Knowledge - INFO - Found code_base: <app.utils.kg_build.knowledge.KnowledgeCodeBase object at 0x7fc5629ccbd0>
2025-09-29 08:00:48,238 - Knowledge - INFO - persist ingested knowledge for /app/data/kaviademo4200/2918/b61073k/library-management-system-2918/templates/home.html
2025-09-29 08:00:48,240 - Knowledge - INFO - done ingest for /app/data/kaviademo4200/2918/b61073k/library-management-system-2918/templates/admin/books/add.html
2025-09-29 08:00:48,349 - Knowledge - INFO - persist ingested knowledge for /app/data/kaviademo4200/2918/b61073k/library-management-system-2918/templates/admin/books/views.html
2025-09-29 08:00:48,461 - Knowledge - INFO - Found code-base-name: https://github.com/kavia-common/library-management-system-2918.git:kavia-master
2025-09-29 08:00:48,562 - Knowledge - INFO - Found code-base-name: https://github.com/kavia-common/library-management-system-2918.git:kavia-master
2025-09-29 08:00:48,657 - Knowledge - INFO - persist ingested knowledge for /app/data/kaviademo4200/2918/b61073k/library-management-system-2918/templates/book_view.html
2025-09-29 08:00:48,768 - Knowledge - INFO - Found code_base: <app.utils.kg_build.knowledge.KnowledgeCodeBase object at 0x7fc5629ccbd0>
2025-09-29 08:00:48,850 - Knowledge - INFO - Found code-base-name: https://github.com/kavia-common/library-management-system-2918.git:kavia-master
2025-09-29 08:00:48,971 - Knowledge - INFO - process ingested knowledge for /app/data/kaviademo4200/2918/b61073k/library-management-system-2918/templates/signin.html
2025-09-29 08:00:49,064 - Knowledge - INFO - process ingested knowledge for /app/data/kaviademo4200/2918/b61073k/library-management-system-2918/templates/shared/layout.html
2025-09-29 08:00:49,382 - Knowledge - INFO - process ingested knowledge for /app/data/kaviademo4200/2918/b61073k/library-management-system-2918/templates/shared/admin_layout.html
2025-09-29 08:00:49,511 - Knowledge - INFO - persist search terms embedding for routes/user.py
2025-09-29 08:00:49,644 - Knowledge - INFO - persist ingested knowledge for /app/data/kaviademo4200/2918/b61073k/library-management-system-2918/templates/admin/users.html
2025-09-29 08:00:49,836 - Knowledge - INFO - process ingested knowledge for /app/data/kaviademo4200/2918/b61073k/library-management-system-2918/templates/admin/books/add.html
2025-09-29 08:00:50,015 - Knowledge - INFO - Found code_base: <app.utils.kg_build.knowledge.KnowledgeCodeBase object at 0x7fc5629ccbd0>
2025-09-29 08:00:50,094 - Knowledge - INFO - Found code_base: <app.utils.kg_build.knowledge.KnowledgeCodeBase object at 0x7fc5629ccbd0>
2025-09-29 08:00:51,178 - Knowledge - INFO - persist ingested knowledge for /app/data/kaviademo4200/2918/b61073k/library-management-system-2918/templates/admin/signin.html
2025-09-29 08:00:50,403 - Knowledge - INFO - Found code_base: <app.utils.kg_build.knowledge.KnowledgeCodeBase object at 0x7fc5629ccbd0>
2025-09-29 08:00:51,058 - Knowledge - INFO - Found code-base-name: https://github.com/kavia-common/library-management-system-2918.git:kavia-master
2025-09-29 08:00:51,059 - Knowledge - INFO - Found code-base-name: https://github.com/kavia-common/library-management-system-2918.git:kavia-master
2025-09-29 08:00:51,059 - Knowledge - INFO - Found code-base-name: https://github.com/kavia-common/library-management-system-2918.git:kavia-master
2025-09-29 08:00:51,077 - Knowledge - INFO - persist ingested knowledge for /app/data/kaviademo4200/2918/b61073k/library-management-system-2918/Controllers/AdminManager.py
2025-09-29 08:00:50,327 - Knowledge - INFO - persist ingested knowledge for /app/data/kaviademo4200/2918/b61073k/library-management-system-2918/Controllers/BookManager.py
2025-09-29 08:00:51,355 - Knowledge - INFO - Found code-base-name: https://github.com/kavia-common/library-management-system-2918.git:kavia-master
2025-09-29 08:00:51,356 - Knowledge - INFO - persist ingested knowledge for /app/data/kaviademo4200/2918/b61073k/library-management-system-2918/templates/signup.html
2025-09-29 08:00:51,463 - Knowledge - INFO - Found code_base: <app.utils.kg_build.knowledge.KnowledgeCodeBase object at 0x7fc5629ccbd0>
2025-09-29 08:00:51,583 - Knowledge - INFO - Found code_base: <app.utils.kg_build.knowledge.KnowledgeCodeBase object at 0x7fc5629ccbd0>
2025-09-29 08:00:51,665 - Knowledge - INFO - Found code_base: <app.utils.kg_build.knowledge.KnowledgeCodeBase object at 0x7fc5629ccbd0>
2025-09-29 08:00:51,947 - Knowledge - INFO - Found code_base: <app.utils.kg_build.knowledge.KnowledgeCodeBase object at 0x7fc5629ccbd0>
2025-09-29 08:00:52,123 - Knowledge - INFO - persist search terms embedding for Controllers/AdminManager.py
2025-09-29 08:00:52,190 - Knowledge - INFO - persist ingested knowledge for /app/data/kaviademo4200/2918/b61073k/library-management-system-2918/templates/signin.html
2025-09-29 08:00:52,272 - Knowledge - INFO - persist ingested knowledge for /app/data/kaviademo4200/2918/b61073k/library-management-system-2918/templates/shared/layout.html
2025-09-29 08:00:52,363 - Knowledge - INFO - persist ingested knowledge for /app/data/kaviademo4200/2918/b61073k/library-management-system-2918/templates/shared/admin_layout.html
2025-09-29 08:00:52,464 - Knowledge - INFO - persist ingested knowledge for /app/data/kaviademo4200/2918/b61073k/library-management-system-2918/templates/admin/books/add.html
2025-09-29 08:00:52,919 - Knowledge - INFO - persist search terms embedding for Controllers/BookManager.py
2025-09-29 08:00:53,471 - Knowledge - INFO - Knowledge creation complete
2025-09-29 08:00:53,599 - Knowledge - INFO - Updating org costs, total cost: 0.017508
2025-09-29 08:00:53,836 - Knowledge - INFO - Saving knowledge to Redis...
2025-09-29 08:00:53,977 - Knowledge - INFO - Knowledge saved to Redis successfully
